2026-10-04 00:33:39 START gpu0 1_l_PhysioNet-MI__labram__s0.sh
2026-10-04 00:33:39 START gpu1 1_l_PhysioNet-MI__labram__s1.sh
2026-10-04 00:33:39 START gpu4 1_l_PhysioNet-MI__labram__s3.sh
2026-10-04 00:33:39 START gpu2 1_l_PhysioNet-MI__labram__s2.sh
2026-10-04 00:33:39 START gpu5 1_l_PhysioNet-MI__labram__s4.sh
2026-10-04 00:33:39 START gpu7 2_l_Mumtaz2016__labram__s0.sh
2026-10-04 00:33:39 START gpu6 2_l_Mumtaz2016__labram__s1.sh
2026-10-04 00:33:39 START gpu3 2_l_Mumtaz2016__labram__s2.sh
2026-10-04 00:50:37 DONE gpu6 2_l_Mumtaz2016__labram__s1.sh rc=0 17.0 min
2026-10-04 00:50:37 START gpu6 2_l_Mumtaz2016__labram__s3.sh
2026-10-04 00:50:39 DONE gpu3 2_l_Mumtaz2016__labram__s2.sh rc=0 17.0 min
2026-10-04 00:50:39 START gpu3 2_l_Mumtaz2016__labram__s4.sh
2026-10-04 00:50:42 DONE gpu7 2_l_Mumtaz2016__labram__s0.sh rc=0 17.1 min
2026-10-04 00:50:42 START gpu7 3_l_BCIC-IV-2a__labram__s0.sh
2026-10-04 01:02:12 DONE gpu7 3_l_BCIC-IV-2a__labram__s0.sh rc=0 11.5 min
2026-10-04 01:02:12 START gpu7 3_l_BCIC-IV-2a__labram__s1.sh
2026-10-04 01:07:45 DONE gpu6 2_l_Mumtaz2016__labram__s3.sh rc=0 17.1 min
2026-10-04 01:07:45 START gpu6 3_l_BCIC-IV-2a__labram__s2.sh
2026-10-04 01:07:53 DONE gpu3 2_l_Mumtaz2016__labram__s4.sh rc=0 17.2 min
2026-10-04 01:07:53 START gpu3 3_l_BCIC-IV-2a__labram__s3.sh
2026-10-04 01:13:55 DONE gpu7 3_l_BCIC-IV-2a__labram__s1.sh rc=0 11.7 min
2026-10-04 01:13:55 START gpu7 3_l_BCIC-IV-2a__labram__s4.sh
2026-10-04 01:19:57 DONE gpu6 3_l_BCIC-IV-2a__labram__s2.sh rc=0 12.2 min
2026-10-04 01:19:57 START gpu6 4_l_MentalArithmetic__labram__s0.sh
2026-10-04 01:19:58 DONE gpu3 3_l_BCIC-IV-2a__labram__s3.sh rc=0 12.1 min
2026-10-04 01:19:58 START gpu3 4_l_MentalArithmetic__labram__s1.sh
2026-10-04 01:24:59 DONE gpu3 4_l_MentalArithmetic__labram__s1.sh rc=0 5.0 min
2026-10-04 01:24:59 START gpu3 4_l_MentalArithmetic__labram__s2.sh
2026-10-04 01:25:04 DONE gpu6 4_l_MentalArithmetic__labram__s0.sh rc=0 5.1 min
2026-10-04 01:25:04 START gpu6 4_l_MentalArithmetic__labram__s3.sh
2026-10-04 01:25:52 DONE gpu7 3_l_BCIC-IV-2a__labram__s4.sh rc=0 12.0 min
2026-10-04 01:25:52 START gpu7 4_l_MentalArithmetic__labram__s4.sh
2026-10-04 01:30:06 DONE gpu3 4_l_MentalArithmetic__labram__s2.sh rc=0 5.1 min
2026-10-04 01:30:13 DONE gpu6 4_l_MentalArithmetic__labram__s3.sh rc=0 5.2 min
2026-10-04 01:31:05 DONE gpu7 4_l_MentalArithmetic__labram__s4.sh rc=0 5.2 min
2026-10-04 01:40:13 DONE gpu4 1_l_PhysioNet-MI__labram__s3.sh rc=0 66.6 min
2026-10-04 01:40:16 DONE gpu2 1_l_PhysioNet-MI__labram__s2.sh rc=0 66.6 min
2026-10-04 01:40:21 DONE gpu0 1_l_PhysioNet-MI__labram__s0.sh rc=0 66.7 min
2026-10-04 01:42:12 DONE gpu5 1_l_PhysioNet-MI__labram__s4.sh rc=0 68.5 min
2026-10-04 01:44:13 DONE gpu1 1_l_PhysioNet-MI__labram__s1.sh rc=0 70.6 min
