['A01E.mat', 'A01T.mat', 'A02E.mat', 'A02T.mat', 'A03E.mat', 'A03T.mat', 'A04E.mat', 'A04T.mat', 'A05E.mat', 'A05T.mat', 'A06E.mat', 'A06T.mat', 'A07E.mat', 'A07T.mat', 'A08E.mat', 'A08T.mat', 'A09E.mat', 'A09T.mat']
A01E.mat
A01E-3-0 0
A01E-3-1 1
A01E-3-2 1
A01E-3-3 0
A01E-3-4 1
A01E-3-5 0
A01E-3-6 1
A01E-3-7 2
A01E-3-8 1
A01E-3-9 3
A01E-3-10 0
A01E-3-11 2
A01E-3-12 1
A01E-3-13 0
A01E-3-14 3
A01E-3-15 3
A01E-3-16 3
A01E-3-17 3
A01E-3-18 3
A01E-3-19 0
A01E-3-20 2
A01E-3-21 1
A01E-3-22 0
A01E-3-23 0
A01E-3-24 2
A01E-3-25 3
A01E-3-26 0
A01E-3-27 2
A01E-3-28 2
A01E-3-29 2
A01E-3-30 0
A01E-3-31 1
A01E-3-32 0
A01E-3-33 1
A01E-3-34 1
A01E-3-35 0
A01E-3-36 1
A01E-3-37 2
A01E-3-38 1
A01E-3-39 2
A01E-3-40 2
A01E-3-41 3
A01E-3-42 2
A01E-3-43 2
A01E-3-44 3
A01E-3-45 3
A01E-3-46 3
A01E-3-47 3
A01E-4-0 3
A01E-4-1 2
A01E-4-2 1
A01E-4-3 0
A01E-4-4 0
A01E-4-5 1
A01E-4-6 2
A01E-4-7 3
A01E-4-8 1
A01E-4-9 2
A01E-4-10 0
A01E-4-11 0
A01E-4-12 0
A01E-4-13 3
A01E-4-14 1
A01E-4-15 1
A01E-4-16 0
A01E-4-17 0
A01E-4-18 2
A01E-4-19 0
A01E-4-20 1
A01E-4-21 3
A01E-4-22 3
A01E-4-23 2
A01E-4-24 0
A01E-4-25 3
A01E-4-26 3
A01E-4-27 1
A01E-4-28 3
A01E-4-29 3
A01E-4-30 1
A01E-4-31 0
A01E-4-32 1
A01E-4-33 2
A01E-4-34 2
A01E-4-35 2
A01E-4-36 3
A01E-4-37 2
A01E-4-38 0
A01E-4-39 3
A01E-4-40 1
A01E-4-41 2
A01E-4-42 1
A01E-4-43 2
A01E-4-44 3
A01E-4-45 1
A01E-4-46 2
A01E-4-47 0
A01E-5-0 0
A01E-5-1 0
A01E-5-2 3
A01E-5-3 1
A01E-5-4 0
A01E-5-5 2
A01E-5-6 0
A01E-5-7 2
A01E-5-8 1
A01E-5-9 3
A01E-5-10 0
A01E-5-11 2
A01E-5-12 2
A01E-5-13 0
A01E-5-14 2
A01E-5-15 1
A01E-5-16 3
A01E-5-17 3
A01E-5-18 3
A01E-5-19 2
A01E-5-20 0
A01E-5-21 3
A01E-5-22 1
A01E-5-23 3
A01E-5-24 1
A01E-5-25 0
A01E-5-26 2
A01E-5-27 1
A01E-5-28 0
A01E-5-29 2
A01E-5-30 2
A01E-5-31 0
A01E-5-32 2
A01E-5-33 3
A01E-5-34 3
A01E-5-35 1
A01E-5-36 0
A01E-5-37 1
A01E-5-38 3
A01E-5-39 1
A01E-5-40 3
A01E-5-41 2
A01E-5-42 1
A01E-5-43 1
A01E-5-44 1
A01E-5-45 2
A01E-5-46 3
A01E-5-47 0
A01E-6-0 1
A01E-6-1 3
A01E-6-2 0
A01E-6-3 2
A01E-6-4 2
A01E-6-5 3
A01E-6-6 0
A01E-6-7 0
A01E-6-8 2
A01E-6-9 1
A01E-6-10 3
A01E-6-11 3
A01E-6-12 3
A01E-6-13 1
A01E-6-14 0
A01E-6-15 2
A01E-6-16 1
A01E-6-17 3
A01E-6-18 0
A01E-6-19 3
A01E-6-20 2
A01E-6-21 1
A01E-6-22 3
A01E-6-23 3
A01E-6-24 0
A01E-6-25 1
A01E-6-26 1
A01E-6-27 2
A01E-6-28 3
A01E-6-29 1
A01E-6-30 0
A01E-6-31 0
A01E-6-32 3
A01E-6-33 1
A01E-6-34 0
A01E-6-35 2
A01E-6-36 1
A01E-6-37 1
A01E-6-38 2
A01E-6-39 0
A01E-6-40 3
A01E-6-41 2
A01E-6-42 2
A01E-6-43 2
A01E-6-44 2
A01E-6-45 0
A01E-6-46 1
A01E-6-47 0
A01E-7-0 1
A01E-7-1 0
A01E-7-2 0
A01E-7-3 2
A01E-7-4 2
A01E-7-5 1
A01E-7-6 2
A01E-7-7 3
A01E-7-8 0
A01E-7-9 3
A01E-7-10 0
A01E-7-11 0
A01E-7-12 1
A01E-7-13 3
A01E-7-14 2
A01E-7-15 1
A01E-7-16 3
A01E-7-17 2
A01E-7-18 3
A01E-7-19 2
A01E-7-20 3
A01E-7-21 1
A01E-7-22 1
A01E-7-23 3
A01E-7-24 0
A01E-7-25 1
A01E-7-26 1
A01E-7-27 1
A01E-7-28 2
A01E-7-29 3
A01E-7-30 0
A01E-7-31 3
A01E-7-32 0
A01E-7-33 2
A01E-7-34 0
A01E-7-35 3
A01E-7-36 0
A01E-7-37 2
A01E-7-38 0
A01E-7-39 1
A01E-7-40 2
A01E-7-41 2
A01E-7-42 3
A01E-7-43 0
A01E-7-44 1
A01E-7-45 3
A01E-7-46 1
A01E-7-47 2
A01E-8-0 2
A01E-8-1 0
A01E-8-2 3
A01E-8-3 1
A01E-8-4 3
A01E-8-5 0
A01E-8-6 0
A01E-8-7 2
A01E-8-8 2
A01E-8-9 1
A01E-8-10 3
A01E-8-11 1
A01E-8-12 1
A01E-8-13 0
A01E-8-14 1
A01E-8-15 3
A01E-8-16 3
A01E-8-17 1
A01E-8-18 1
A01E-8-19 1
A01E-8-20 1
A01E-8-21 3
A01E-8-22 3
A01E-8-23 2
A01E-8-24 3
A01E-8-25 0
A01E-8-26 1
A01E-8-27 2
A01E-8-28 1
A01E-8-29 0
A01E-8-30 3
A01E-8-31 0
A01E-8-32 3
A01E-8-33 0
A01E-8-34 0
A01E-8-35 0
A01E-8-36 0
A01E-8-37 2
A01E-8-38 2
A01E-8-39 3
A01E-8-40 1
A01E-8-41 2
A01E-8-42 2
A01E-8-43 2
A01E-8-44 3
A01E-8-45 2
A01E-8-46 0
A01E-8-47 2
A01T.mat
A01T-3-0 3
A01T-3-1 2
A01T-3-2 1
A01T-3-3 0
A01T-3-4 0
A01T-3-5 1
A01T-3-6 2
A01T-3-7 3
A01T-3-8 1
A01T-3-9 2
A01T-3-10 0
A01T-3-11 0
A01T-3-12 0
A01T-3-13 3
A01T-3-14 1
A01T-3-15 1
A01T-3-16 0
A01T-3-17 0
A01T-3-18 2
A01T-3-19 0
A01T-3-20 1
A01T-3-21 3
A01T-3-22 3
A01T-3-23 2
A01T-3-24 0
A01T-3-25 3
A01T-3-26 3
A01T-3-27 1
A01T-3-28 3
A01T-3-29 3
A01T-3-30 1
A01T-3-31 0
A01T-3-32 1
A01T-3-33 2
A01T-3-34 2
A01T-3-35 2
A01T-3-36 3
A01T-3-37 2
A01T-3-38 0
A01T-3-39 3
A01T-3-40 1
A01T-3-41 2
A01T-3-42 1
A01T-3-43 2
A01T-3-44 3
A01T-3-45 1
A01T-3-46 2
A01T-3-47 0
A01T-4-0 0
A01T-4-1 0
A01T-4-2 3
A01T-4-3 1
A01T-4-4 0
A01T-4-5 2
A01T-4-6 0
A01T-4-7 2
A01T-4-8 1
A01T-4-9 3
A01T-4-10 0
A01T-4-11 2
A01T-4-12 2
A01T-4-13 0
A01T-4-14 2
A01T-4-15 1
A01T-4-16 3
A01T-4-17 3
A01T-4-18 3
A01T-4-19 2
A01T-4-20 0
A01T-4-21 3
A01T-4-22 1
A01T-4-23 3
A01T-4-24 1
A01T-4-25 0
A01T-4-26 2
A01T-4-27 1
A01T-4-28 0
A01T-4-29 2
A01T-4-30 2
A01T-4-31 0
A01T-4-32 2
A01T-4-33 3
A01T-4-34 3
A01T-4-35 1
A01T-4-36 0
A01T-4-37 1
A01T-4-38 3
A01T-4-39 1
A01T-4-40 3
A01T-4-41 2
A01T-4-42 1
A01T-4-43 1
A01T-4-44 1
A01T-4-45 2
A01T-4-46 3
A01T-4-47 0
A01T-5-0 1
A01T-5-1 3
A01T-5-2 0
A01T-5-3 2
A01T-5-4 2
A01T-5-5 3
A01T-5-6 0
A01T-5-7 0
A01T-5-8 2
A01T-5-9 1
A01T-5-10 3
A01T-5-11 3
A01T-5-12 3
A01T-5-13 1
A01T-5-14 0
A01T-5-15 2
A01T-5-16 1
A01T-5-17 3
A01T-5-18 0
A01T-5-19 3
A01T-5-20 2
A01T-5-21 1
A01T-5-22 3
A01T-5-23 3
A01T-5-24 0
A01T-5-25 1
A01T-5-26 1
A01T-5-27 2
A01T-5-28 3
A01T-5-29 1
A01T-5-30 0
A01T-5-31 0
A01T-5-32 3
A01T-5-33 1
A01T-5-34 0
A01T-5-35 2
A01T-5-36 1
A01T-5-37 1
A01T-5-38 2
A01T-5-39 0
A01T-5-40 3
A01T-5-41 2
A01T-5-42 2
A01T-5-43 2
A01T-5-44 2
A01T-5-45 0
A01T-5-46 1
A01T-5-47 0
A01T-6-0 1
A01T-6-1 0
A01T-6-2 0
A01T-6-3 2
A01T-6-4 2
A01T-6-5 1
A01T-6-6 2
A01T-6-7 3
A01T-6-8 0
A01T-6-9 3
A01T-6-10 0
A01T-6-11 0
A01T-6-12 1
A01T-6-13 3
A01T-6-14 2
A01T-6-15 1
A01T-6-16 3
A01T-6-17 2
A01T-6-18 3
A01T-6-19 2
A01T-6-20 3
A01T-6-21 1
A01T-6-22 1
A01T-6-23 3
A01T-6-24 0
A01T-6-25 1
A01T-6-26 1
A01T-6-27 1
A01T-6-28 2
A01T-6-29 3
A01T-6-30 0
A01T-6-31 3
A01T-6-32 0
A01T-6-33 2
A01T-6-34 0
A01T-6-35 3
A01T-6-36 0
A01T-6-37 2
A01T-6-38 0
A01T-6-39 1
A01T-6-40 2
A01T-6-41 2
A01T-6-42 3
A01T-6-43 0
A01T-6-44 1
A01T-6-45 3
A01T-6-46 1
A01T-6-47 2
A01T-7-0 2
A01T-7-1 0
A01T-7-2 3
A01T-7-3 1
A01T-7-4 3
A01T-7-5 0
A01T-7-6 0
A01T-7-7 2
A01T-7-8 2
A01T-7-9 1
A01T-7-10 3
A01T-7-11 1
A01T-7-12 1
A01T-7-13 0
A01T-7-14 1
A01T-7-15 3
A01T-7-16 3
A01T-7-17 1
A01T-7-18 1
A01T-7-19 1
A01T-7-20 1
A01T-7-21 3
A01T-7-22 3
A01T-7-23 2
A01T-7-24 3
A01T-7-25 0
A01T-7-26 1
A01T-7-27 2
A01T-7-28 1
A01T-7-29 0
A01T-7-30 3
A01T-7-31 0
A01T-7-32 3
A01T-7-33 0
A01T-7-34 0
A01T-7-35 0
A01T-7-36 0
A01T-7-37 2
A01T-7-38 2
A01T-7-39 3
A01T-7-40 1
A01T-7-41 2
A01T-7-42 2
A01T-7-43 2
A01T-7-44 3
A01T-7-45 2
A01T-7-46 0
A01T-7-47 2
A01T-8-0 0
A01T-8-1 3
A01T-8-2 1
A01T-8-3 3
A01T-8-4 3
A01T-8-5 2
A01T-8-6 3
A01T-8-7 3
A01T-8-8 2
A01T-8-9 1
A01T-8-10 3
A01T-8-11 2
A01T-8-12 0
A01T-8-13 1
A01T-8-14 1
A01T-8-15 1
A01T-8-16 2
A01T-8-17 1
A01T-8-18 3
A01T-8-19 2
A01T-8-20 3
A01T-8-21 1
A01T-8-22 2
A01T-8-23 0
A01T-8-24 3
A01T-8-25 0
A01T-8-26 2
A01T-8-27 3
A01T-8-28 0
A01T-8-29 2
A01T-8-30 0
A01T-8-31 1
A01T-8-32 1
A01T-8-33 0
A01T-8-34 3
A01T-8-35 0
A01T-8-36 3
A01T-8-37 2
A01T-8-38 2
A01T-8-39 0
A01T-8-40 2
A01T-8-41 1
A01T-8-42 1
A01T-8-43 0
A01T-8-44 2
A01T-8-45 0
A01T-8-46 1
A01T-8-47 0
A02E.mat
A02E-3-0 0
A02E-3-1 1
A02E-3-2 1
A02E-3-3 0
A02E-3-4 1
A02E-3-5 0
A02E-3-6 1
A02E-3-7 2
A02E-3-8 1
A02E-3-9 3
A02E-3-10 0
A02E-3-11 2
A02E-3-12 1
A02E-3-13 0
A02E-3-14 3
A02E-3-15 3
A02E-3-16 3
A02E-3-17 3
A02E-3-18 3
A02E-3-19 0
A02E-3-20 2
A02E-3-21 1
A02E-3-22 0
A02E-3-23 0
A02E-3-24 2
A02E-3-25 3
A02E-3-26 0
A02E-3-27 2
A02E-3-28 2
A02E-3-29 2
A02E-3-30 0
A02E-3-31 1
A02E-3-32 0
A02E-3-33 1
A02E-3-34 1
A02E-3-35 0
A02E-3-36 1
A02E-3-37 2
A02E-3-38 1
A02E-3-39 2
A02E-3-40 2
A02E-3-41 3
A02E-3-42 2
A02E-3-43 2
A02E-3-44 3
A02E-3-45 3
A02E-3-46 3
A02E-3-47 3
A02E-4-0 3
A02E-4-1 2
A02E-4-2 1
A02E-4-3 0
A02E-4-4 0
A02E-4-5 1
A02E-4-6 2
A02E-4-7 3
A02E-4-8 1
A02E-4-9 2
A02E-4-10 0
A02E-4-11 0
A02E-4-12 0
A02E-4-13 3
A02E-4-14 1
A02E-4-15 1
A02E-4-16 0
A02E-4-17 0
A02E-4-18 2
A02E-4-19 0
A02E-4-20 1
A02E-4-21 3
A02E-4-22 3
A02E-4-23 2
A02E-4-24 0
A02E-4-25 3
A02E-4-26 3
A02E-4-27 1
A02E-4-28 3
A02E-4-29 3
A02E-4-30 1
A02E-4-31 0
A02E-4-32 1
A02E-4-33 2
A02E-4-34 2
A02E-4-35 2
A02E-4-36 3
A02E-4-37 2
A02E-4-38 0
A02E-4-39 3
A02E-4-40 1
A02E-4-41 2
A02E-4-42 1
A02E-4-43 2
A02E-4-44 3
A02E-4-45 1
A02E-4-46 2
A02E-4-47 0
A02E-5-0 0
A02E-5-1 0
A02E-5-2 3
A02E-5-3 1
A02E-5-4 0
A02E-5-5 2
A02E-5-6 0
A02E-5-7 2
A02E-5-8 1
A02E-5-9 3
A02E-5-10 0
A02E-5-11 2
A02E-5-12 2
A02E-5-13 0
A02E-5-14 2
A02E-5-15 1
A02E-5-16 3
A02E-5-17 3
A02E-5-18 3
A02E-5-19 2
A02E-5-20 0
A02E-5-21 3
A02E-5-22 1
A02E-5-23 3
A02E-5-24 1
A02E-5-25 0
A02E-5-26 2
A02E-5-27 1
A02E-5-28 0
A02E-5-29 2
A02E-5-30 2
A02E-5-31 0
A02E-5-32 2
A02E-5-33 3
A02E-5-34 3
A02E-5-35 1
A02E-5-36 0
A02E-5-37 1
A02E-5-38 3
A02E-5-39 1
A02E-5-40 3
A02E-5-41 2
A02E-5-42 1
A02E-5-43 1
A02E-5-44 1
A02E-5-45 2
A02E-5-46 3
A02E-5-47 0
A02E-6-0 1
A02E-6-1 3
A02E-6-2 0
A02E-6-3 2
A02E-6-4 2
A02E-6-5 3
A02E-6-6 0
A02E-6-7 0
A02E-6-8 2
A02E-6-9 1
A02E-6-10 3
A02E-6-11 3
A02E-6-12 3
A02E-6-13 1
A02E-6-14 0
A02E-6-15 2
A02E-6-16 1
A02E-6-17 3
A02E-6-18 0
A02E-6-19 3
A02E-6-20 2
A02E-6-21 1
A02E-6-22 3
A02E-6-23 3
A02E-6-24 0
A02E-6-25 1
A02E-6-26 1
A02E-6-27 2
A02E-6-28 3
A02E-6-29 1
A02E-6-30 0
A02E-6-31 0
A02E-6-32 3
A02E-6-33 1
A02E-6-34 0
A02E-6-35 2
A02E-6-36 1
A02E-6-37 1
A02E-6-38 2
A02E-6-39 0
A02E-6-40 3
A02E-6-41 2
A02E-6-42 2
A02E-6-43 2
A02E-6-44 2
A02E-6-45 0
A02E-6-46 1
A02E-6-47 0
A02E-7-0 1
A02E-7-1 0
A02E-7-2 0
A02E-7-3 2
A02E-7-4 2
A02E-7-5 1
A02E-7-6 2
A02E-7-7 3
A02E-7-8 0
A02E-7-9 3
A02E-7-10 0
A02E-7-11 0
A02E-7-12 1
A02E-7-13 3
A02E-7-14 2
A02E-7-15 1
A02E-7-16 3
A02E-7-17 2
A02E-7-18 3
A02E-7-19 2
A02E-7-20 3
A02E-7-21 1
A02E-7-22 1
A02E-7-23 3
A02E-7-24 0
A02E-7-25 1
A02E-7-26 1
A02E-7-27 1
A02E-7-28 2
A02E-7-29 3
A02E-7-30 0
A02E-7-31 3
A02E-7-32 0
A02E-7-33 2
A02E-7-34 0
A02E-7-35 3
A02E-7-36 0
A02E-7-37 2
A02E-7-38 0
A02E-7-39 1
A02E-7-40 2
A02E-7-41 2
A02E-7-42 3
A02E-7-43 0
A02E-7-44 1
A02E-7-45 3
A02E-7-46 1
A02E-7-47 2
A02E-8-0 2
A02E-8-1 0
A02E-8-2 3
A02E-8-3 1
A02E-8-4 3
A02E-8-5 0
A02E-8-6 0
A02E-8-7 2
A02E-8-8 2
A02E-8-9 1
A02E-8-10 3
A02E-8-11 1
A02E-8-12 1
A02E-8-13 0
A02E-8-14 1
A02E-8-15 3
A02E-8-16 3
A02E-8-17 1
A02E-8-18 1
A02E-8-19 1
A02E-8-20 1
A02E-8-21 3
A02E-8-22 3
A02E-8-23 2
A02E-8-24 3
A02E-8-25 0
A02E-8-26 1
A02E-8-27 2
A02E-8-28 1
A02E-8-29 0
A02E-8-30 3
A02E-8-31 0
A02E-8-32 3
A02E-8-33 0
A02E-8-34 0
A02E-8-35 0
A02E-8-36 0
A02E-8-37 2
A02E-8-38 2
A02E-8-39 3
A02E-8-40 1
A02E-8-41 2
A02E-8-42 2
A02E-8-43 2
A02E-8-44 3
A02E-8-45 2
A02E-8-46 0
A02E-8-47 2
A02T.mat
A02T-3-0 0
A02T-3-1 1
A02T-3-2 1
A02T-3-3 0
A02T-3-4 1
A02T-3-5 0
A02T-3-6 1
A02T-3-7 2
A02T-3-8 1
A02T-3-9 3
A02T-3-10 0
A02T-3-11 2
A02T-3-12 1
A02T-3-13 0
A02T-3-14 3
A02T-3-15 3
A02T-3-16 3
A02T-3-17 3
A02T-3-18 3
A02T-3-19 0
A02T-3-20 2
A02T-3-21 1
A02T-3-22 0
A02T-3-23 0
A02T-3-24 2
A02T-3-25 3
A02T-3-26 0
A02T-3-27 2
A02T-3-28 2
A02T-3-29 2
A02T-3-30 0
A02T-3-31 1
A02T-3-32 0
A02T-3-33 1
A02T-3-34 1
A02T-3-35 0
A02T-3-36 1
A02T-3-37 2
A02T-3-38 1
A02T-3-39 2
A02T-3-40 2
A02T-3-41 3
A02T-3-42 2
A02T-3-43 2
A02T-3-44 3
A02T-3-45 3
A02T-3-46 3
A02T-3-47 3
A02T-4-0 3
A02T-4-1 2
A02T-4-2 1
A02T-4-3 0
A02T-4-4 0
A02T-4-5 1
A02T-4-6 2
A02T-4-7 3
A02T-4-8 1
A02T-4-9 2
A02T-4-10 0
A02T-4-11 0
A02T-4-12 0
A02T-4-13 3
A02T-4-14 1
A02T-4-15 1
A02T-4-16 0
A02T-4-17 0
A02T-4-18 2
A02T-4-19 0
A02T-4-20 1
A02T-4-21 3
A02T-4-22 3
A02T-4-23 2
A02T-4-24 0
A02T-4-25 3
A02T-4-26 3
A02T-4-27 1
A02T-4-28 3
A02T-4-29 3
A02T-4-30 1
A02T-4-31 0
A02T-4-32 1
A02T-4-33 2
A02T-4-34 2
A02T-4-35 2
A02T-4-36 3
A02T-4-37 2
A02T-4-38 0
A02T-4-39 3
A02T-4-40 1
A02T-4-41 2
A02T-4-42 1
A02T-4-43 2
A02T-4-44 3
A02T-4-45 1
A02T-4-46 2
A02T-4-47 0
A02T-5-0 0
A02T-5-1 0
A02T-5-2 3
A02T-5-3 1
A02T-5-4 0
A02T-5-5 2
A02T-5-6 0
A02T-5-7 2
A02T-5-8 1
A02T-5-9 3
A02T-5-10 0
A02T-5-11 2
A02T-5-12 2
A02T-5-13 0
A02T-5-14 2
A02T-5-15 1
A02T-5-16 3
A02T-5-17 3
A02T-5-18 3
A02T-5-19 2
A02T-5-20 0
A02T-5-21 3
A02T-5-22 1
A02T-5-23 3
A02T-5-24 1
A02T-5-25 0
A02T-5-26 2
A02T-5-27 1
A02T-5-28 0
A02T-5-29 2
A02T-5-30 2
A02T-5-31 0
A02T-5-32 2
A02T-5-33 3
A02T-5-34 3
A02T-5-35 1
A02T-5-36 0
A02T-5-37 1
A02T-5-38 3
A02T-5-39 1
A02T-5-40 3
A02T-5-41 2
A02T-5-42 1
A02T-5-43 1
A02T-5-44 1
A02T-5-45 2
A02T-5-46 3
A02T-5-47 0
A02T-6-0 1
A02T-6-1 3
A02T-6-2 0
A02T-6-3 2
A02T-6-4 2
A02T-6-5 3
A02T-6-6 0
A02T-6-7 0
A02T-6-8 2
A02T-6-9 1
A02T-6-10 3
A02T-6-11 3
A02T-6-12 3
A02T-6-13 1
A02T-6-14 0
A02T-6-15 2
A02T-6-16 1
A02T-6-17 3
A02T-6-18 0
A02T-6-19 3
A02T-6-20 2
A02T-6-21 1
A02T-6-22 3
A02T-6-23 3
A02T-6-24 0
A02T-6-25 1
A02T-6-26 1
A02T-6-27 2
A02T-6-28 3
A02T-6-29 1
A02T-6-30 0
A02T-6-31 0
A02T-6-32 3
A02T-6-33 1
A02T-6-34 0
A02T-6-35 2
A02T-6-36 1
A02T-6-37 1
A02T-6-38 2
A02T-6-39 0
A02T-6-40 3
A02T-6-41 2
A02T-6-42 2
A02T-6-43 2
A02T-6-44 2
A02T-6-45 0
A02T-6-46 1
A02T-6-47 0
A02T-7-0 1
A02T-7-1 0
A02T-7-2 0
A02T-7-3 2
A02T-7-4 2
A02T-7-5 1
A02T-7-6 2
A02T-7-7 3
A02T-7-8 0
A02T-7-9 3
A02T-7-10 0
A02T-7-11 0
A02T-7-12 1
A02T-7-13 3
A02T-7-14 2
A02T-7-15 1
A02T-7-16 3
A02T-7-17 2
A02T-7-18 3
A02T-7-19 2
A02T-7-20 3
A02T-7-21 1
A02T-7-22 1
A02T-7-23 3
A02T-7-24 0
A02T-7-25 1
A02T-7-26 1
A02T-7-27 1
A02T-7-28 2
A02T-7-29 3
A02T-7-30 0
A02T-7-31 3
A02T-7-32 0
A02T-7-33 2
A02T-7-34 0
A02T-7-35 3
A02T-7-36 0
A02T-7-37 2
A02T-7-38 0
A02T-7-39 1
A02T-7-40 2
A02T-7-41 2
A02T-7-42 3
A02T-7-43 0
A02T-7-44 1
A02T-7-45 3
A02T-7-46 1
A02T-7-47 2
A02T-8-0 2
A02T-8-1 0
A02T-8-2 3
A02T-8-3 1
A02T-8-4 3
A02T-8-5 0
A02T-8-6 0
A02T-8-7 2
A02T-8-8 2
A02T-8-9 1
A02T-8-10 3
A02T-8-11 1
A02T-8-12 1
A02T-8-13 0
A02T-8-14 1
A02T-8-15 3
A02T-8-16 3
A02T-8-17 1
A02T-8-18 1
A02T-8-19 1
A02T-8-20 1
A02T-8-21 3
A02T-8-22 3
A02T-8-23 2
A02T-8-24 3
A02T-8-25 0
A02T-8-26 1
A02T-8-27 2
A02T-8-28 1
A02T-8-29 0
A02T-8-30 3
A02T-8-31 0
A02T-8-32 3
A02T-8-33 0
A02T-8-34 0
A02T-8-35 0
A02T-8-36 0
A02T-8-37 2
A02T-8-38 2
A02T-8-39 3
A02T-8-40 1
A02T-8-41 2
A02T-8-42 2
A02T-8-43 2
A02T-8-44 3
A02T-8-45 2
A02T-8-46 0
A02T-8-47 2
A03E.mat
A03E-3-0 0
A03E-3-1 1
A03E-3-2 1
A03E-3-3 0
A03E-3-4 1
A03E-3-5 0
A03E-3-6 1
A03E-3-7 2
A03E-3-8 1
A03E-3-9 3
A03E-3-10 0
A03E-3-11 2
A03E-3-12 1
A03E-3-13 0
A03E-3-14 3
A03E-3-15 3
A03E-3-16 3
A03E-3-17 3
A03E-3-18 3
A03E-3-19 0
A03E-3-20 2
A03E-3-21 1
A03E-3-22 0
A03E-3-23 0
A03E-3-24 2
A03E-3-25 3
A03E-3-26 0
A03E-3-27 2
A03E-3-28 2
A03E-3-29 2
A03E-3-30 0
A03E-3-31 1
A03E-3-32 0
A03E-3-33 1
A03E-3-34 1
A03E-3-35 0
A03E-3-36 1
A03E-3-37 2
A03E-3-38 1
A03E-3-39 2
A03E-3-40 2
A03E-3-41 3
A03E-3-42 2
A03E-3-43 2
A03E-3-44 3
A03E-3-45 3
A03E-3-46 3
A03E-3-47 3
A03E-4-0 3
A03E-4-1 2
A03E-4-2 1
A03E-4-3 0
A03E-4-4 0
A03E-4-5 1
A03E-4-6 2
A03E-4-7 3
A03E-4-8 1
A03E-4-9 2
A03E-4-10 0
A03E-4-11 0
A03E-4-12 0
A03E-4-13 3
A03E-4-14 1
A03E-4-15 1
A03E-4-16 0
A03E-4-17 0
A03E-4-18 2
A03E-4-19 0
A03E-4-20 1
A03E-4-21 3
A03E-4-22 3
A03E-4-23 2
A03E-4-24 0
A03E-4-25 3
A03E-4-26 3
A03E-4-27 1
A03E-4-28 3
A03E-4-29 3
A03E-4-30 1
A03E-4-31 0
A03E-4-32 1
A03E-4-33 2
A03E-4-34 2
A03E-4-35 2
A03E-4-36 3
A03E-4-37 2
A03E-4-38 0
A03E-4-39 3
A03E-4-40 1
A03E-4-41 2
A03E-4-42 1
A03E-4-43 2
A03E-4-44 3
A03E-4-45 1
A03E-4-46 2
A03E-4-47 0
A03E-5-0 0
A03E-5-1 0
A03E-5-2 3
A03E-5-3 1
A03E-5-4 0
A03E-5-5 2
A03E-5-6 0
A03E-5-7 2
A03E-5-8 1
A03E-5-9 3
A03E-5-10 0
A03E-5-11 2
A03E-5-12 2
A03E-5-13 0
A03E-5-14 2
A03E-5-15 1
A03E-5-16 3
A03E-5-17 3
A03E-5-18 3
A03E-5-19 2
A03E-5-20 0
A03E-5-21 3
A03E-5-22 1
A03E-5-23 3
A03E-5-24 1
A03E-5-25 0
A03E-5-26 2
A03E-5-27 1
A03E-5-28 0
A03E-5-29 2
A03E-5-30 2
A03E-5-31 0
A03E-5-32 2
A03E-5-33 3
A03E-5-34 3
A03E-5-35 1
A03E-5-36 0
A03E-5-37 1
A03E-5-38 3
A03E-5-39 1
A03E-5-40 3
A03E-5-41 2
A03E-5-42 1
A03E-5-43 1
A03E-5-44 1
A03E-5-45 2
A03E-5-46 3
A03E-5-47 0
A03E-6-0 1
A03E-6-1 3
A03E-6-2 0
A03E-6-3 2
A03E-6-4 2
A03E-6-5 3
A03E-6-6 0
A03E-6-7 0
A03E-6-8 2
A03E-6-9 1
A03E-6-10 3
A03E-6-11 3
A03E-6-12 3
A03E-6-13 1
A03E-6-14 0
A03E-6-15 2
A03E-6-16 1
A03E-6-17 3
A03E-6-18 0
A03E-6-19 3
A03E-6-20 2
A03E-6-21 1
A03E-6-22 3
A03E-6-23 3
A03E-6-24 0
A03E-6-25 1
A03E-6-26 1
A03E-6-27 2
A03E-6-28 3
A03E-6-29 1
A03E-6-30 0
A03E-6-31 0
A03E-6-32 3
A03E-6-33 1
A03E-6-34 0
A03E-6-35 2
A03E-6-36 1
A03E-6-37 1
A03E-6-38 2
A03E-6-39 0
A03E-6-40 3
A03E-6-41 2
A03E-6-42 2
A03E-6-43 2
A03E-6-44 2
A03E-6-45 0
A03E-6-46 1
A03E-6-47 0
A03E-7-0 1
A03E-7-1 0
A03E-7-2 0
A03E-7-3 2
A03E-7-4 2
A03E-7-5 1
A03E-7-6 2
A03E-7-7 3
A03E-7-8 0
A03E-7-9 3
A03E-7-10 0
A03E-7-11 0
A03E-7-12 1
A03E-7-13 3
A03E-7-14 2
A03E-7-15 1
A03E-7-16 3
A03E-7-17 2
A03E-7-18 3
A03E-7-19 2
A03E-7-20 3
A03E-7-21 1
A03E-7-22 1
A03E-7-23 3
A03E-7-24 0
A03E-7-25 1
A03E-7-26 1
A03E-7-27 1
A03E-7-28 2
A03E-7-29 3
A03E-7-30 0
A03E-7-31 3
A03E-7-32 0
A03E-7-33 2
A03E-7-34 0
A03E-7-35 3
A03E-7-36 0
A03E-7-37 2
A03E-7-38 0
A03E-7-39 1
A03E-7-40 2
A03E-7-41 2
A03E-7-42 3
A03E-7-43 0
A03E-7-44 1
A03E-7-45 3
A03E-7-46 1
A03E-7-47 2
A03E-8-0 2
A03E-8-1 0
A03E-8-2 3
A03E-8-3 1
A03E-8-4 3
A03E-8-5 0
A03E-8-6 0
A03E-8-7 2
A03E-8-8 2
A03E-8-9 1
A03E-8-10 3
A03E-8-11 1
A03E-8-12 1
A03E-8-13 0
A03E-8-14 1
A03E-8-15 3
A03E-8-16 3
A03E-8-17 1
A03E-8-18 1
A03E-8-19 1
A03E-8-20 1
A03E-8-21 3
A03E-8-22 3
A03E-8-23 2
A03E-8-24 3
A03E-8-25 0
A03E-8-26 1
A03E-8-27 2
A03E-8-28 1
A03E-8-29 0
A03E-8-30 3
A03E-8-31 0
A03E-8-32 3
A03E-8-33 0
A03E-8-34 0
A03E-8-35 0
A03E-8-36 0
A03E-8-37 2
A03E-8-38 2
A03E-8-39 3
A03E-8-40 1
A03E-8-41 2
A03E-8-42 2
A03E-8-43 2
A03E-8-44 3
A03E-8-45 2
A03E-8-46 0
A03E-8-47 2
A03T.mat
A03T-3-0 0
A03T-3-1 1
A03T-3-2 1
A03T-3-3 0
A03T-3-4 1
A03T-3-5 0
A03T-3-6 1
A03T-3-7 2
A03T-3-8 1
A03T-3-9 3
A03T-3-10 0
A03T-3-11 2
A03T-3-12 1
A03T-3-13 0
A03T-3-14 3
A03T-3-15 3
A03T-3-16 3
A03T-3-17 3
A03T-3-18 3
A03T-3-19 0
A03T-3-20 2
A03T-3-21 1
A03T-3-22 0
A03T-3-23 0
A03T-3-24 2
A03T-3-25 3
A03T-3-26 0
A03T-3-27 2
A03T-3-28 2
A03T-3-29 2
A03T-3-30 0
A03T-3-31 1
A03T-3-32 0
A03T-3-33 1
A03T-3-34 1
A03T-3-35 0
A03T-3-36 1
A03T-3-37 2
A03T-3-38 1
A03T-3-39 2
A03T-3-40 2
A03T-3-41 3
A03T-3-42 2
A03T-3-43 2
A03T-3-44 3
A03T-3-45 3
A03T-3-46 3
A03T-3-47 3
A03T-4-0 3
A03T-4-1 2
A03T-4-2 1
A03T-4-3 0
A03T-4-4 0
A03T-4-5 1
A03T-4-6 2
A03T-4-7 3
A03T-4-8 1
A03T-4-9 2
A03T-4-10 0
A03T-4-11 0
A03T-4-12 0
A03T-4-13 3
A03T-4-14 1
A03T-4-15 1
A03T-4-16 0
A03T-4-17 0
A03T-4-18 2
A03T-4-19 0
A03T-4-20 1
A03T-4-21 3
A03T-4-22 3
A03T-4-23 2
A03T-4-24 0
A03T-4-25 3
A03T-4-26 3
A03T-4-27 1
A03T-4-28 3
A03T-4-29 3
A03T-4-30 1
A03T-4-31 0
A03T-4-32 1
A03T-4-33 2
A03T-4-34 2
A03T-4-35 2
A03T-4-36 3
A03T-4-37 2
A03T-4-38 0
A03T-4-39 3
A03T-4-40 1
A03T-4-41 2
A03T-4-42 1
A03T-4-43 2
A03T-4-44 3
A03T-4-45 1
A03T-4-46 2
A03T-4-47 0
A03T-5-0 0
A03T-5-1 0
A03T-5-2 3
A03T-5-3 1
A03T-5-4 0
A03T-5-5 2
A03T-5-6 0
A03T-5-7 2
A03T-5-8 1
A03T-5-9 3
A03T-5-10 0
A03T-5-11 2
A03T-5-12 2
A03T-5-13 0
A03T-5-14 2
A03T-5-15 1
A03T-5-16 3
A03T-5-17 3
A03T-5-18 3
A03T-5-19 2
A03T-5-20 0
A03T-5-21 3
A03T-5-22 1
A03T-5-23 3
A03T-5-24 1
A03T-5-25 0
A03T-5-26 2
A03T-5-27 1
A03T-5-28 0
A03T-5-29 2
A03T-5-30 2
A03T-5-31 0
A03T-5-32 2
A03T-5-33 3
A03T-5-34 3
A03T-5-35 1
A03T-5-36 0
A03T-5-37 1
A03T-5-38 3
A03T-5-39 1
A03T-5-40 3
A03T-5-41 2
A03T-5-42 1
A03T-5-43 1
A03T-5-44 1
A03T-5-45 2
A03T-5-46 3
A03T-5-47 0
A03T-6-0 1
A03T-6-1 3
A03T-6-2 0
A03T-6-3 2
A03T-6-4 2
A03T-6-5 3
A03T-6-6 0
A03T-6-7 0
A03T-6-8 2
A03T-6-9 1
A03T-6-10 3
A03T-6-11 3
A03T-6-12 3
A03T-6-13 1
A03T-6-14 0
A03T-6-15 2
A03T-6-16 1
A03T-6-17 3
A03T-6-18 0
A03T-6-19 3
A03T-6-20 2
A03T-6-21 1
A03T-6-22 3
A03T-6-23 3
A03T-6-24 0
A03T-6-25 1
A03T-6-26 1
A03T-6-27 2
A03T-6-28 3
A03T-6-29 1
A03T-6-30 0
A03T-6-31 0
A03T-6-32 3
A03T-6-33 1
A03T-6-34 0
A03T-6-35 2
A03T-6-36 1
A03T-6-37 1
A03T-6-38 2
A03T-6-39 0
A03T-6-40 3
A03T-6-41 2
A03T-6-42 2
A03T-6-43 2
A03T-6-44 2
A03T-6-45 0
A03T-6-46 1
A03T-6-47 0
A03T-7-0 1
A03T-7-1 0
A03T-7-2 0
A03T-7-3 2
A03T-7-4 2
A03T-7-5 1
A03T-7-6 2
A03T-7-7 3
A03T-7-8 0
A03T-7-9 3
A03T-7-10 0
A03T-7-11 0
A03T-7-12 1
A03T-7-13 3
A03T-7-14 2
A03T-7-15 1
A03T-7-16 3
A03T-7-17 2
A03T-7-18 3
A03T-7-19 2
A03T-7-20 3
A03T-7-21 1
A03T-7-22 1
A03T-7-23 3
A03T-7-24 0
A03T-7-25 1
A03T-7-26 1
A03T-7-27 1
A03T-7-28 2
A03T-7-29 3
A03T-7-30 0
A03T-7-31 3
A03T-7-32 0
A03T-7-33 2
A03T-7-34 0
A03T-7-35 3
A03T-7-36 0
A03T-7-37 2
A03T-7-38 0
A03T-7-39 1
A03T-7-40 2
A03T-7-41 2
A03T-7-42 3
A03T-7-43 0
A03T-7-44 1
A03T-7-45 3
A03T-7-46 1
A03T-7-47 2
A03T-8-0 2
A03T-8-1 0
A03T-8-2 3
A03T-8-3 1
A03T-8-4 3
A03T-8-5 0
A03T-8-6 0
A03T-8-7 2
A03T-8-8 2
A03T-8-9 1
A03T-8-10 3
A03T-8-11 1
A03T-8-12 1
A03T-8-13 0
A03T-8-14 1
A03T-8-15 3
A03T-8-16 3
A03T-8-17 1
A03T-8-18 1
A03T-8-19 1
A03T-8-20 1
A03T-8-21 3
A03T-8-22 3
A03T-8-23 2
A03T-8-24 3
A03T-8-25 0
A03T-8-26 1
A03T-8-27 2
A03T-8-28 1
A03T-8-29 0
A03T-8-30 3
A03T-8-31 0
A03T-8-32 3
A03T-8-33 0
A03T-8-34 0
A03T-8-35 0
A03T-8-36 0
A03T-8-37 2
A03T-8-38 2
A03T-8-39 3
A03T-8-40 1
A03T-8-41 2
A03T-8-42 2
A03T-8-43 2
A03T-8-44 3
A03T-8-45 2
A03T-8-46 0
A03T-8-47 2
A04E.mat
A04E-3-0 3
A04E-3-1 2
A04E-3-2 1
A04E-3-3 0
A04E-3-4 0
A04E-3-5 1
A04E-3-6 2
A04E-3-7 3
A04E-3-8 1
A04E-3-9 2
A04E-3-10 0
A04E-3-11 0
A04E-3-12 0
A04E-3-13 3
A04E-3-14 1
A04E-3-15 1
A04E-3-16 0
A04E-3-17 0
A04E-3-18 2
A04E-3-19 0
A04E-3-20 1
A04E-3-21 3
A04E-3-22 3
A04E-3-23 2
A04E-3-24 0
A04E-3-25 3
A04E-3-26 3
A04E-3-27 1
A04E-3-28 3
A04E-3-29 3
A04E-3-30 1
A04E-3-31 0
A04E-3-32 1
A04E-3-33 2
A04E-3-34 2
A04E-3-35 2
A04E-3-36 3
A04E-3-37 2
A04E-3-38 0
A04E-3-39 3
A04E-3-40 1
A04E-3-41 2
A04E-3-42 1
A04E-3-43 2
A04E-3-44 3
A04E-3-45 1
A04E-3-46 2
A04E-3-47 0
A04E-4-0 0
A04E-4-1 0
A04E-4-2 3
A04E-4-3 1
A04E-4-4 0
A04E-4-5 2
A04E-4-6 0
A04E-4-7 2
A04E-4-8 1
A04E-4-9 3
A04E-4-10 0
A04E-4-11 2
A04E-4-12 2
A04E-4-13 0
A04E-4-14 2
A04E-4-15 1
A04E-4-16 3
A04E-4-17 3
A04E-4-18 3
A04E-4-19 2
A04E-4-20 0
A04E-4-21 3
A04E-4-22 1
A04E-4-23 3
A04E-4-24 1
A04E-4-25 0
A04E-4-26 2
A04E-4-27 1
A04E-4-28 0
A04E-4-29 2
A04E-4-30 2
A04E-4-31 0
A04E-4-32 2
A04E-4-33 3
A04E-4-34 3
A04E-4-35 1
A04E-4-36 0
A04E-4-37 1
A04E-4-38 3
A04E-4-39 1
A04E-4-40 3
A04E-4-41 2
A04E-4-42 1
A04E-4-43 1
A04E-4-44 1
A04E-4-45 2
A04E-4-46 3
A04E-4-47 0
A04E-5-0 1
A04E-5-1 3
A04E-5-2 0
A04E-5-3 2
A04E-5-4 2
A04E-5-5 3
A04E-5-6 0
A04E-5-7 0
A04E-5-8 2
A04E-5-9 1
A04E-5-10 3
A04E-5-11 3
A04E-5-12 3
A04E-5-13 1
A04E-5-14 0
A04E-5-15 2
A04E-5-16 1
A04E-5-17 3
A04E-5-18 0
A04E-5-19 3
A04E-5-20 2
A04E-5-21 1
A04E-5-22 3
A04E-5-23 3
A04E-5-24 0
A04E-5-25 1
A04E-5-26 1
A04E-5-27 2
A04E-5-28 3
A04E-5-29 1
A04E-5-30 0
A04E-5-31 0
A04E-5-32 3
A04E-5-33 1
A04E-5-34 0
A04E-5-35 2
A04E-5-36 1
A04E-5-37 1
A04E-5-38 2
A04E-5-39 0
A04E-5-40 3
A04E-5-41 2
A04E-5-42 2
A04E-5-43 2
A04E-5-44 2
A04E-5-45 0
A04E-5-46 1
A04E-5-47 0
A04E-6-0 1
A04E-6-1 0
A04E-6-2 0
A04E-6-3 2
A04E-6-4 2
A04E-6-5 1
A04E-6-6 2
A04E-6-7 3
A04E-6-8 0
A04E-6-9 3
A04E-6-10 0
A04E-6-11 0
A04E-6-12 1
A04E-6-13 3
A04E-6-14 2
A04E-6-15 1
A04E-6-16 3
A04E-6-17 2
A04E-6-18 3
A04E-6-19 2
A04E-6-20 3
A04E-6-21 1
A04E-6-22 1
A04E-6-23 3
A04E-6-24 0
A04E-6-25 1
A04E-6-26 1
A04E-6-27 1
A04E-6-28 2
A04E-6-29 3
A04E-6-30 0
A04E-6-31 3
A04E-6-32 0
A04E-6-33 2
A04E-6-34 0
A04E-6-35 3
A04E-6-36 0
A04E-6-37 2
A04E-6-38 0
A04E-6-39 1
A04E-6-40 2
A04E-6-41 2
A04E-6-42 3
A04E-6-43 0
A04E-6-44 1
A04E-6-45 3
A04E-6-46 1
A04E-6-47 2
A04E-7-0 2
A04E-7-1 0
A04E-7-2 3
A04E-7-3 1
A04E-7-4 3
A04E-7-5 0
A04E-7-6 0
A04E-7-7 2
A04E-7-8 2
A04E-7-9 1
A04E-7-10 3
A04E-7-11 1
A04E-7-12 1
A04E-7-13 0
A04E-7-14 1
A04E-7-15 3
A04E-7-16 3
A04E-7-17 1
A04E-7-18 1
A04E-7-19 1
A04E-7-20 1
A04E-7-21 3
A04E-7-22 3
A04E-7-23 2
A04E-7-24 3
A04E-7-25 0
A04E-7-26 1
A04E-7-27 2
A04E-7-28 1
A04E-7-29 0
A04E-7-30 3
A04E-7-31 0
A04E-7-32 3
A04E-7-33 0
A04E-7-34 0
A04E-7-35 0
A04E-7-36 0
A04E-7-37 2
A04E-7-38 2
A04E-7-39 3
A04E-7-40 1
A04E-7-41 2
A04E-7-42 2
A04E-7-43 2
A04E-7-44 3
A04E-7-45 2
A04E-7-46 0
A04E-7-47 2
A04E-8-0 0
A04E-8-1 3
A04E-8-2 1
A04E-8-3 3
A04E-8-4 3
A04E-8-5 2
A04E-8-6 3
A04E-8-7 3
A04E-8-8 2
A04E-8-9 1
A04E-8-10 3
A04E-8-11 2
A04E-8-12 0
A04E-8-13 1
A04E-8-14 1
A04E-8-15 1
A04E-8-16 2
A04E-8-17 1
A04E-8-18 3
A04E-8-19 2
A04E-8-20 3
A04E-8-21 1
A04E-8-22 2
A04E-8-23 0
A04E-8-24 3
A04E-8-25 0
A04E-8-26 2
A04E-8-27 3
A04E-8-28 0
A04E-8-29 2
A04E-8-30 0
A04E-8-31 1
A04E-8-32 1
A04E-8-33 0
A04E-8-34 3
A04E-8-35 0
A04E-8-36 3
A04E-8-37 2
A04E-8-38 2
A04E-8-39 0
A04E-8-40 2
A04E-8-41 1
A04E-8-42 1
A04E-8-43 0
A04E-8-44 2
A04E-8-45 0
A04E-8-46 1
A04E-8-47 0
A04T.mat
A04T-3-0 0
A04T-3-1 1
A04T-3-2 1
A04T-3-3 0
A04T-3-4 1
A04T-3-5 0
A04T-3-6 1
A04T-3-7 2
A04T-3-8 1
A04T-3-9 3
A04T-3-10 0
A04T-3-11 2
A04T-3-12 1
A04T-3-13 0
A04T-3-14 3
A04T-3-15 3
A04T-3-16 3
A04T-3-17 3
A04T-3-18 3
A04T-3-19 0
A04T-3-20 2
A04T-3-21 1
A04T-3-22 0
A04T-3-23 0
A04T-3-24 2
A04T-3-25 3
A04T-3-26 0
A04T-3-27 2
A04T-3-28 2
A04T-3-29 2
A04T-3-30 0
A04T-3-31 1
A04T-3-32 0
A04T-3-33 1
A04T-3-34 1
A04T-3-35 0
A04T-3-36 1
A04T-3-37 2
A04T-3-38 1
A04T-3-39 2
A04T-3-40 2
A04T-3-41 3
A04T-3-42 2
A04T-3-43 2
A04T-3-44 3
A04T-3-45 3
A04T-3-46 3
A04T-3-47 3
A04T-4-0 3
A04T-4-1 2
A04T-4-2 1
A04T-4-3 0
A04T-4-4 0
A04T-4-5 1
A04T-4-6 2
A04T-4-7 3
A04T-4-8 1
A04T-4-9 2
A04T-4-10 0
A04T-4-11 0
A04T-4-12 0
A04T-4-13 3
A04T-4-14 1
A04T-4-15 1
A04T-4-16 0
A04T-4-17 0
A04T-4-18 2
A04T-4-19 0
A04T-4-20 1
A04T-4-21 3
A04T-4-22 3
A04T-4-23 2
A04T-4-24 0
A04T-4-25 3
A04T-4-26 3
A04T-4-27 1
A04T-4-28 3
A04T-4-29 3
A04T-4-30 1
A04T-4-31 0
A04T-4-32 1
A04T-4-33 2
A04T-4-34 2
A04T-4-35 2
A04T-4-36 3
A04T-4-37 2
A04T-4-38 0
A04T-4-39 3
A04T-4-40 1
A04T-4-41 2
A04T-4-42 1
A04T-4-43 2
A04T-4-44 3
A04T-4-45 1
A04T-4-46 2
A04T-4-47 0
A04T-5-0 0
A04T-5-1 0
A04T-5-2 3
A04T-5-3 1
A04T-5-4 0
A04T-5-5 2
A04T-5-6 0
A04T-5-7 2
A04T-5-8 1
A04T-5-9 3
A04T-5-10 0
A04T-5-11 2
A04T-5-12 2
A04T-5-13 0
A04T-5-14 2
A04T-5-15 1
A04T-5-16 3
A04T-5-17 3
A04T-5-18 3
A04T-5-19 2
A04T-5-20 0
A04T-5-21 3
A04T-5-22 1
A04T-5-23 3
A04T-5-24 1
A04T-5-25 0
A04T-5-26 2
A04T-5-27 1
A04T-5-28 0
A04T-5-29 2
A04T-5-30 2
A04T-5-31 0
A04T-5-32 2
A04T-5-33 3
A04T-5-34 3
A04T-5-35 1
A04T-5-36 0
A04T-5-37 1
A04T-5-38 3
A04T-5-39 1
A04T-5-40 3
A04T-5-41 2
A04T-5-42 1
A04T-5-43 1
A04T-5-44 1
A04T-5-45 2
A04T-5-46 3
A04T-5-47 0
A04T-6-0 1
A04T-6-1 3
A04T-6-2 0
A04T-6-3 2
A04T-6-4 2
A04T-6-5 3
A04T-6-6 0
A04T-6-7 0
A04T-6-8 2
A04T-6-9 1
A04T-6-10 3
A04T-6-11 3
A04T-6-12 3
A04T-6-13 1
A04T-6-14 0
A04T-6-15 2
A04T-6-16 1
A04T-6-17 3
A04T-6-18 0
A04T-6-19 3
A04T-6-20 2
A04T-6-21 1
A04T-6-22 3
A04T-6-23 3
A04T-6-24 0
A04T-6-25 1
A04T-6-26 1
A04T-6-27 2
A04T-6-28 3
A04T-6-29 1
A04T-6-30 0
A04T-6-31 0
A04T-6-32 3
A04T-6-33 1
A04T-6-34 0
A04T-6-35 2
A04T-6-36 1
A04T-6-37 1
A04T-6-38 2
A04T-6-39 0
A04T-6-40 3
A04T-6-41 2
A04T-6-42 2
A04T-6-43 2
A04T-6-44 2
A04T-6-45 0
A04T-6-46 1
A04T-6-47 0
A05E.mat
A05E-3-0 0
A05E-3-1 1
A05E-3-2 1
A05E-3-3 0
A05E-3-4 1
A05E-3-5 0
A05E-3-6 1
A05E-3-7 2
A05E-3-8 1
A05E-3-9 3
A05E-3-10 0
A05E-3-11 2
A05E-3-12 1
A05E-3-13 0
A05E-3-14 3
A05E-3-15 3
A05E-3-16 3
A05E-3-17 3
A05E-3-18 3
A05E-3-19 0
A05E-3-20 2
A05E-3-21 1
A05E-3-22 0
A05E-3-23 0
A05E-3-24 2
A05E-3-25 3
A05E-3-26 0
A05E-3-27 2
A05E-3-28 2
A05E-3-29 2
A05E-3-30 0
A05E-3-31 1
A05E-3-32 0
A05E-3-33 1
A05E-3-34 1
A05E-3-35 0
A05E-3-36 1
A05E-3-37 2
A05E-3-38 1
A05E-3-39 2
A05E-3-40 2
A05E-3-41 3
A05E-3-42 2
A05E-3-43 2
A05E-3-44 3
A05E-3-45 3
A05E-3-46 3
A05E-3-47 3
A05E-4-0 3
A05E-4-1 2
A05E-4-2 1
A05E-4-3 0
A05E-4-4 0
A05E-4-5 1
A05E-4-6 2
A05E-4-7 3
A05E-4-8 1
A05E-4-9 2
A05E-4-10 0
A05E-4-11 0
A05E-4-12 0
A05E-4-13 3
A05E-4-14 1
A05E-4-15 1
A05E-4-16 0
A05E-4-17 0
A05E-4-18 2
A05E-4-19 0
A05E-4-20 1
A05E-4-21 3
A05E-4-22 3
A05E-4-23 2
A05E-4-24 0
A05E-4-25 3
A05E-4-26 3
A05E-4-27 1
A05E-4-28 3
A05E-4-29 3
A05E-4-30 1
A05E-4-31 0
A05E-4-32 1
A05E-4-33 2
A05E-4-34 2
A05E-4-35 2
A05E-4-36 3
A05E-4-37 2
A05E-4-38 0
A05E-4-39 3
A05E-4-40 1
A05E-4-41 2
A05E-4-42 1
A05E-4-43 2
A05E-4-44 3
A05E-4-45 1
A05E-4-46 2
A05E-4-47 0
A05E-5-0 0
A05E-5-1 0
A05E-5-2 3
A05E-5-3 1
A05E-5-4 0
A05E-5-5 2
A05E-5-6 0
A05E-5-7 2
A05E-5-8 1
A05E-5-9 3
A05E-5-10 0
A05E-5-11 2
A05E-5-12 2
A05E-5-13 0
A05E-5-14 2
A05E-5-15 1
A05E-5-16 3
A05E-5-17 3
A05E-5-18 3
A05E-5-19 2
A05E-5-20 0
A05E-5-21 3
A05E-5-22 1
A05E-5-23 3
A05E-5-24 1
A05E-5-25 0
A05E-5-26 2
A05E-5-27 1
A05E-5-28 0
A05E-5-29 2
A05E-5-30 2
A05E-5-31 0
A05E-5-32 2
A05E-5-33 3
A05E-5-34 3
A05E-5-35 1
A05E-5-36 0
A05E-5-37 1
A05E-5-38 3
A05E-5-39 1
A05E-5-40 3
A05E-5-41 2
A05E-5-42 1
A05E-5-43 1
A05E-5-44 1
A05E-5-45 2
A05E-5-46 3
A05E-5-47 0
A05E-6-0 1
A05E-6-1 3
A05E-6-2 0
A05E-6-3 2
A05E-6-4 2
A05E-6-5 3
A05E-6-6 0
A05E-6-7 0
A05E-6-8 2
A05E-6-9 1
A05E-6-10 3
A05E-6-11 3
A05E-6-12 3
A05E-6-13 1
A05E-6-14 0
A05E-6-15 2
A05E-6-16 1
A05E-6-17 3
A05E-6-18 0
A05E-6-19 3
A05E-6-20 2
A05E-6-21 1
A05E-6-22 3
A05E-6-23 3
A05E-6-24 0
A05E-6-25 1
A05E-6-26 1
A05E-6-27 2
A05E-6-28 3
A05E-6-29 1
A05E-6-30 0
A05E-6-31 0
A05E-6-32 3
A05E-6-33 1
A05E-6-34 0
A05E-6-35 2
A05E-6-36 1
A05E-6-37 1
A05E-6-38 2
A05E-6-39 0
A05E-6-40 3
A05E-6-41 2
A05E-6-42 2
A05E-6-43 2
A05E-6-44 2
A05E-6-45 0
A05E-6-46 1
A05E-6-47 0
A05E-7-0 1
A05E-7-1 0
A05E-7-2 0
A05E-7-3 2
A05E-7-4 2
A05E-7-5 1
A05E-7-6 2
A05E-7-7 3
A05E-7-8 0
A05E-7-9 3
A05E-7-10 0
A05E-7-11 0
A05E-7-12 1
A05E-7-13 3
A05E-7-14 2
A05E-7-15 1
A05E-7-16 3
A05E-7-17 2
A05E-7-18 3
A05E-7-19 2
A05E-7-20 3
A05E-7-21 1
A05E-7-22 1
A05E-7-23 3
A05E-7-24 0
A05E-7-25 1
A05E-7-26 1
A05E-7-27 1
A05E-7-28 2
A05E-7-29 3
A05E-7-30 0
A05E-7-31 3
A05E-7-32 0
A05E-7-33 2
A05E-7-34 0
A05E-7-35 3
A05E-7-36 0
A05E-7-37 2
A05E-7-38 0
A05E-7-39 1
A05E-7-40 2
A05E-7-41 2
A05E-7-42 3
A05E-7-43 0
A05E-7-44 1
A05E-7-45 3
A05E-7-46 1
A05E-7-47 2
A05E-8-0 2
A05E-8-1 0
A05E-8-2 3
A05E-8-3 1
A05E-8-4 3
A05E-8-5 0
A05E-8-6 0
A05E-8-7 2
A05E-8-8 2
A05E-8-9 1
A05E-8-10 3
A05E-8-11 1
A05E-8-12 1
A05E-8-13 0
A05E-8-14 1
A05E-8-15 3
A05E-8-16 3
A05E-8-17 1
A05E-8-18 1
A05E-8-19 1
A05E-8-20 1
A05E-8-21 3
A05E-8-22 3
A05E-8-23 2
A05E-8-24 3
A05E-8-25 0
A05E-8-26 1
A05E-8-27 2
A05E-8-28 1
A05E-8-29 0
A05E-8-30 3
A05E-8-31 0
A05E-8-32 3
A05E-8-33 0
A05E-8-34 0
A05E-8-35 0
A05E-8-36 0
A05E-8-37 2
A05E-8-38 2
A05E-8-39 3
A05E-8-40 1
A05E-8-41 2
A05E-8-42 2
A05E-8-43 2
A05E-8-44 3
A05E-8-45 2
A05E-8-46 0
A05E-8-47 2
A05T.mat
A05T-3-0 0
A05T-3-1 1
A05T-3-2 1
A05T-3-3 0
A05T-3-4 1
A05T-3-5 0
A05T-3-6 1
A05T-3-7 2
A05T-3-8 1
A05T-3-9 3
A05T-3-10 0
A05T-3-11 2
A05T-3-12 1
A05T-3-13 0
A05T-3-14 3
A05T-3-15 3
A05T-3-16 3
A05T-3-17 3
A05T-3-18 3
A05T-3-19 0
A05T-3-20 2
A05T-3-21 1
A05T-3-22 0
A05T-3-23 0
A05T-3-24 2
A05T-3-25 3
A05T-3-26 0
A05T-3-27 2
A05T-3-28 2
A05T-3-29 2
A05T-3-30 0
A05T-3-31 1
A05T-3-32 0
A05T-3-33 1
A05T-3-34 1
A05T-3-35 0
A05T-3-36 1
A05T-3-37 2
A05T-3-38 1
A05T-3-39 2
A05T-3-40 2
A05T-3-41 3
A05T-3-42 2
A05T-3-43 2
A05T-3-44 3
A05T-3-45 3
A05T-3-46 3
A05T-3-47 3
A05T-4-0 3
A05T-4-1 2
A05T-4-2 1
A05T-4-3 0
A05T-4-4 0
A05T-4-5 1
A05T-4-6 2
A05T-4-7 3
A05T-4-8 1
A05T-4-9 2
A05T-4-10 0
A05T-4-11 0
A05T-4-12 0
A05T-4-13 3
A05T-4-14 1
A05T-4-15 1
A05T-4-16 0
A05T-4-17 0
A05T-4-18 2
A05T-4-19 0
A05T-4-20 1
A05T-4-21 3
A05T-4-22 3
A05T-4-23 2
A05T-4-24 0
A05T-4-25 3
A05T-4-26 3
A05T-4-27 1
A05T-4-28 3
A05T-4-29 3
A05T-4-30 1
A05T-4-31 0
A05T-4-32 1
A05T-4-33 2
A05T-4-34 2
A05T-4-35 2
A05T-4-36 3
A05T-4-37 2
A05T-4-38 0
A05T-4-39 3
A05T-4-40 1
A05T-4-41 2
A05T-4-42 1
A05T-4-43 2
A05T-4-44 3
A05T-4-45 1
A05T-4-46 2
A05T-4-47 0
A05T-5-0 0
A05T-5-1 0
A05T-5-2 3
A05T-5-3 1
A05T-5-4 0
A05T-5-5 2
A05T-5-6 0
A05T-5-7 2
A05T-5-8 1
A05T-5-9 3
A05T-5-10 0
A05T-5-11 2
A05T-5-12 2
A05T-5-13 0
A05T-5-14 2
A05T-5-15 1
A05T-5-16 3
A05T-5-17 3
A05T-5-18 3
A05T-5-19 2
A05T-5-20 0
A05T-5-21 3
A05T-5-22 1
A05T-5-23 3
A05T-5-24 1
A05T-5-25 0
A05T-5-26 2
A05T-5-27 1
A05T-5-28 0
A05T-5-29 2
A05T-5-30 2
A05T-5-31 0
A05T-5-32 2
A05T-5-33 3
A05T-5-34 3
A05T-5-35 1
A05T-5-36 0
A05T-5-37 1
A05T-5-38 3
A05T-5-39 1
A05T-5-40 3
A05T-5-41 2
A05T-5-42 1
A05T-5-43 1
A05T-5-44 1
A05T-5-45 2
A05T-5-46 3
A05T-5-47 0
A05T-6-0 1
A05T-6-1 3
A05T-6-2 0
A05T-6-3 2
A05T-6-4 2
A05T-6-5 3
A05T-6-6 0
A05T-6-7 0
A05T-6-8 2
A05T-6-9 1
A05T-6-10 3
A05T-6-11 3
A05T-6-12 3
A05T-6-13 1
A05T-6-14 0
A05T-6-15 2
A05T-6-16 1
A05T-6-17 3
A05T-6-18 0
A05T-6-19 3
A05T-6-20 2
A05T-6-21 1
A05T-6-22 3
A05T-6-23 3
A05T-6-24 0
A05T-6-25 1
A05T-6-26 1
A05T-6-27 2
A05T-6-28 3
A05T-6-29 1
A05T-6-30 0
A05T-6-31 0
A05T-6-32 3
A05T-6-33 1
A05T-6-34 0
A05T-6-35 2
A05T-6-36 1
A05T-6-37 1
A05T-6-38 2
A05T-6-39 0
A05T-6-40 3
A05T-6-41 2
A05T-6-42 2
A05T-6-43 2
A05T-6-44 2
A05T-6-45 0
A05T-6-46 1
A05T-6-47 0
A05T-7-0 1
A05T-7-1 0
A05T-7-2 0
A05T-7-3 2
A05T-7-4 2
A05T-7-5 1
A05T-7-6 2
A05T-7-7 3
A05T-7-8 0
A05T-7-9 3
A05T-7-10 0
A05T-7-11 0
A05T-7-12 1
A05T-7-13 3
A05T-7-14 2
A05T-7-15 1
A05T-7-16 3
A05T-7-17 2
A05T-7-18 3
A05T-7-19 2
A05T-7-20 3
A05T-7-21 1
A05T-7-22 1
A05T-7-23 3
A05T-7-24 0
A05T-7-25 1
A05T-7-26 1
A05T-7-27 1
A05T-7-28 2
A05T-7-29 3
A05T-7-30 0
A05T-7-31 3
A05T-7-32 0
A05T-7-33 2
A05T-7-34 0
A05T-7-35 3
A05T-7-36 0
A05T-7-37 2
A05T-7-38 0
A05T-7-39 1
A05T-7-40 2
A05T-7-41 2
A05T-7-42 3
A05T-7-43 0
A05T-7-44 1
A05T-7-45 3
A05T-7-46 1
A05T-7-47 2
A05T-8-0 2
A05T-8-1 0
A05T-8-2 3
A05T-8-3 1
A05T-8-4 3
A05T-8-5 0
A05T-8-6 0
A05T-8-7 2
A05T-8-8 2
A05T-8-9 1
A05T-8-10 3
A05T-8-11 1
A05T-8-12 1
A05T-8-13 0
A05T-8-14 1
A05T-8-15 3
A05T-8-16 3
A05T-8-17 1
A05T-8-18 1
A05T-8-19 1
A05T-8-20 1
A05T-8-21 3
A05T-8-22 3
A05T-8-23 2
A05T-8-24 3
A05T-8-25 0
A05T-8-26 1
A05T-8-27 2
A05T-8-28 1
A05T-8-29 0
A05T-8-30 3
A05T-8-31 0
A05T-8-32 3
A05T-8-33 0
A05T-8-34 0
A05T-8-35 0
A05T-8-36 0
A05T-8-37 2
A05T-8-38 2
A05T-8-39 3
A05T-8-40 1
A05T-8-41 2
A05T-8-42 2
A05T-8-43 2
A05T-8-44 3
A05T-8-45 2
A05T-8-46 0
A05T-8-47 2
A06E.mat
A06E-3-0 0
A06E-3-1 1
A06E-3-2 1
A06E-3-3 0
A06E-3-4 1
A06E-3-5 0
A06E-3-6 1
A06E-3-7 2
A06E-3-8 1
A06E-3-9 3
A06E-3-10 0
A06E-3-11 2
A06E-3-12 1
A06E-3-13 0
A06E-3-14 3
A06E-3-15 3
A06E-3-16 3
A06E-3-17 3
A06E-3-18 3
A06E-3-19 0
A06E-3-20 2
A06E-3-21 1
A06E-3-22 0
A06E-3-23 0
A06E-3-24 2
A06E-3-25 3
A06E-3-26 0
A06E-3-27 2
A06E-3-28 2
A06E-3-29 2
A06E-3-30 0
A06E-3-31 1
A06E-3-32 0
A06E-3-33 1
A06E-3-34 1
A06E-3-35 0
A06E-3-36 1
A06E-3-37 2
A06E-3-38 1
A06E-3-39 2
A06E-3-40 2
A06E-3-41 3
A06E-3-42 2
A06E-3-43 2
A06E-3-44 3
A06E-3-45 3
A06E-3-46 3
A06E-3-47 3
A06E-4-0 3
A06E-4-1 2
A06E-4-2 1
A06E-4-3 0
A06E-4-4 0
A06E-4-5 1
A06E-4-6 2
A06E-4-7 3
A06E-4-8 1
A06E-4-9 2
A06E-4-10 0
A06E-4-11 0
A06E-4-12 0
A06E-4-13 3
A06E-4-14 1
A06E-4-15 1
A06E-4-16 0
A06E-4-17 0
A06E-4-18 2
A06E-4-19 0
A06E-4-20 1
A06E-4-21 3
A06E-4-22 3
A06E-4-23 2
A06E-4-24 0
A06E-4-25 3
A06E-4-26 3
A06E-4-27 1
A06E-4-28 3
A06E-4-29 3
A06E-4-30 1
A06E-4-31 0
A06E-4-32 1
A06E-4-33 2
A06E-4-34 2
A06E-4-35 2
A06E-4-36 3
A06E-4-37 2
A06E-4-38 0
A06E-4-39 3
A06E-4-40 1
A06E-4-41 2
A06E-4-42 1
A06E-4-43 2
A06E-4-44 3
A06E-4-45 1
A06E-4-46 2
A06E-4-47 0
A06E-5-0 0
A06E-5-1 0
A06E-5-2 3
A06E-5-3 1
A06E-5-4 0
A06E-5-5 2
A06E-5-6 0
A06E-5-7 2
A06E-5-8 1
A06E-5-9 3
A06E-5-10 0
A06E-5-11 2
A06E-5-12 2
A06E-5-13 0
A06E-5-14 2
A06E-5-15 1
A06E-5-16 3
A06E-5-17 3
A06E-5-18 3
A06E-5-19 2
A06E-5-20 0
A06E-5-21 3
A06E-5-22 1
A06E-5-23 3
A06E-5-24 1
A06E-5-25 0
A06E-5-26 2
A06E-5-27 1
A06E-5-28 0
A06E-5-29 2
A06E-5-30 2
A06E-5-31 0
A06E-5-32 2
A06E-5-33 3
A06E-5-34 3
A06E-5-35 1
A06E-5-36 0
A06E-5-37 1
A06E-5-38 3
A06E-5-39 1
A06E-5-40 3
A06E-5-41 2
A06E-5-42 1
A06E-5-43 1
A06E-5-44 1
A06E-5-45 2
A06E-5-46 3
A06E-5-47 0
A06E-6-0 1
A06E-6-1 3
A06E-6-2 0
A06E-6-3 2
A06E-6-4 2
A06E-6-5 3
A06E-6-6 0
A06E-6-7 0
A06E-6-8 2
A06E-6-9 1
A06E-6-10 3
A06E-6-11 3
A06E-6-12 3
A06E-6-13 1
A06E-6-14 0
A06E-6-15 2
A06E-6-16 1
A06E-6-17 3
A06E-6-18 0
A06E-6-19 3
A06E-6-20 2
A06E-6-21 1
A06E-6-22 3
A06E-6-23 3
A06E-6-24 0
A06E-6-25 1
A06E-6-26 1
A06E-6-27 2
A06E-6-28 3
A06E-6-29 1
A06E-6-30 0
A06E-6-31 0
A06E-6-32 3
A06E-6-33 1
A06E-6-34 0
A06E-6-35 2
A06E-6-36 1
A06E-6-37 1
A06E-6-38 2
A06E-6-39 0
A06E-6-40 3
A06E-6-41 2
A06E-6-42 2
A06E-6-43 2
A06E-6-44 2
A06E-6-45 0
A06E-6-46 1
A06E-6-47 0
A06E-7-0 1
A06E-7-1 0
A06E-7-2 0
A06E-7-3 2
A06E-7-4 2
A06E-7-5 1
A06E-7-6 2
A06E-7-7 3
A06E-7-8 0
A06E-7-9 3
A06E-7-10 0
A06E-7-11 0
A06E-7-12 1
A06E-7-13 3
A06E-7-14 2
A06E-7-15 1
A06E-7-16 3
A06E-7-17 2
A06E-7-18 3
A06E-7-19 2
A06E-7-20 3
A06E-7-21 1
A06E-7-22 1
A06E-7-23 3
A06E-7-24 0
A06E-7-25 1
A06E-7-26 1
A06E-7-27 1
A06E-7-28 2
A06E-7-29 3
A06E-7-30 0
A06E-7-31 3
A06E-7-32 0
A06E-7-33 2
A06E-7-34 0
A06E-7-35 3
A06E-7-36 0
A06E-7-37 2
A06E-7-38 0
A06E-7-39 1
A06E-7-40 2
A06E-7-41 2
A06E-7-42 3
A06E-7-43 0
A06E-7-44 1
A06E-7-45 3
A06E-7-46 1
A06E-7-47 2
A06E-8-0 2
A06E-8-1 0
A06E-8-2 3
A06E-8-3 1
A06E-8-4 3
A06E-8-5 0
A06E-8-6 0
A06E-8-7 2
A06E-8-8 2
A06E-8-9 1
A06E-8-10 3
A06E-8-11 1
A06E-8-12 1
A06E-8-13 0
A06E-8-14 1
A06E-8-15 3
A06E-8-16 3
A06E-8-17 1
A06E-8-18 1
A06E-8-19 1
A06E-8-20 1
A06E-8-21 3
A06E-8-22 3
A06E-8-23 2
A06E-8-24 3
A06E-8-25 0
A06E-8-26 1
A06E-8-27 2
A06E-8-28 1
A06E-8-29 0
A06E-8-30 3
A06E-8-31 0
A06E-8-32 3
A06E-8-33 0
A06E-8-34 0
A06E-8-35 0
A06E-8-36 0
A06E-8-37 2
A06E-8-38 2
A06E-8-39 3
A06E-8-40 1
A06E-8-41 2
A06E-8-42 2
A06E-8-43 2
A06E-8-44 3
A06E-8-45 2
A06E-8-46 0
A06E-8-47 2
A06T.mat
A06T-3-0 3
A06T-3-1 1
A06T-3-2 1
A06T-3-3 0
A06T-3-4 3
A06T-3-5 3
A06T-3-6 2
A06T-3-7 1
A06T-3-8 2
A06T-3-9 0
A06T-3-10 0
A06T-3-11 1
A06T-3-12 3
A06T-3-13 3
A06T-3-14 1
A06T-3-15 3
A06T-3-16 2
A06T-3-17 2
A06T-3-18 2
A06T-3-19 0
A06T-3-20 2
A06T-3-21 0
A06T-3-22 2
A06T-3-23 2
A06T-3-24 0
A06T-3-25 0
A06T-3-26 1
A06T-3-27 1
A06T-3-28 0
A06T-3-29 2
A06T-3-30 1
A06T-3-31 3
A06T-3-32 3
A06T-3-33 0
A06T-3-34 3
A06T-3-35 0
A06T-3-36 3
A06T-3-37 1
A06T-3-38 2
A06T-3-39 3
A06T-3-40 1
A06T-3-41 2
A06T-3-42 1
A06T-3-43 2
A06T-3-44 0
A06T-3-45 1
A06T-3-46 3
A06T-3-47 0
A06T-4-0 2
A06T-4-1 0
A06T-4-2 0
A06T-4-3 3
A06T-4-4 0
A06T-4-5 3
A06T-4-6 3
A06T-4-7 1
A06T-4-8 3
A06T-4-9 1
A06T-4-10 3
A06T-4-11 2
A06T-4-12 0
A06T-4-13 1
A06T-4-14 2
A06T-4-15 0
A06T-4-16 0
A06T-4-17 3
A06T-4-18 3
A06T-4-19 1
A06T-4-20 0
A06T-4-21 2
A06T-4-22 3
A06T-4-23 3
A06T-4-24 3
A06T-4-25 2
A06T-4-26 2
A06T-4-27 2
A06T-4-28 0
A06T-4-29 1
A06T-4-30 1
A06T-4-31 1
A06T-4-32 2
A06T-4-33 2
A06T-4-34 1
A06T-4-35 2
A06T-4-36 0
A06T-4-37 2
A06T-4-38 2
A06T-4-39 1
A06T-4-40 1
A06T-4-41 0
A06T-4-42 1
A06T-4-43 0
A06T-4-44 0
A06T-4-45 3
A06T-4-46 3
A06T-4-47 1
A06T-5-0 1
A06T-5-1 3
A06T-5-2 0
A06T-5-3 3
A06T-5-4 1
A06T-5-5 3
A06T-5-6 0
A06T-5-7 1
A06T-5-8 3
A06T-5-9 3
A06T-5-10 1
A06T-5-11 2
A06T-5-12 1
A06T-5-13 0
A06T-5-14 0
A06T-5-15 1
A06T-5-16 3
A06T-5-17 0
A06T-5-18 3
A06T-5-19 1
A06T-5-20 0
A06T-5-21 2
A06T-5-22 2
A06T-5-23 0
A06T-5-24 1
A06T-5-25 3
A06T-5-26 2
A06T-5-27 2
A06T-5-28 2
A06T-5-29 2
A06T-5-30 0
A06T-5-31 2
A06T-5-32 3
A06T-5-33 2
A06T-5-34 0
A06T-5-35 2
A06T-5-36 0
A06T-5-37 3
A06T-5-38 0
A06T-5-39 1
A06T-5-40 2
A06T-5-41 1
A06T-5-42 0
A06T-5-43 1
A06T-5-44 1
A06T-5-45 3
A06T-5-46 2
A06T-5-47 3
A06T-6-0 0
A06T-6-1 0
A06T-6-2 1
A06T-6-3 3
A06T-6-4 0
A06T-6-5 3
A06T-6-6 3
A06T-6-7 3
A06T-6-8 0
A06T-6-9 2
A06T-6-10 3
A06T-6-11 3
A06T-6-12 1
A06T-6-13 1
A06T-6-14 3
A06T-6-15 0
A06T-6-16 3
A06T-6-17 2
A06T-6-18 1
A06T-6-19 2
A06T-6-20 1
A06T-6-21 3
A06T-6-22 0
A06T-6-23 0
A06T-6-24 1
A06T-6-25 2
A06T-6-26 0
A06T-6-27 3
A06T-6-28 0
A06T-6-29 2
A06T-6-30 2
A06T-6-31 2
A06T-6-32 1
A06T-6-33 1
A06T-6-34 1
A06T-6-35 2
A06T-6-36 0
A06T-6-37 1
A06T-6-38 0
A06T-6-39 3
A06T-6-40 3
A06T-6-41 2
A06T-6-42 2
A06T-6-43 1
A06T-6-44 1
A06T-6-45 0
A06T-6-46 2
A06T-6-47 2
A06T-7-0 3
A06T-7-1 0
A06T-7-2 2
A06T-7-3 3
A06T-7-4 1
A06T-7-5 1
A06T-7-6 2
A06T-7-7 2
A06T-7-8 0
A06T-7-9 0
A06T-7-10 1
A06T-7-11 1
A06T-7-12 0
A06T-7-13 3
A06T-7-14 0
A06T-7-15 1
A06T-7-16 2
A06T-7-17 0
A06T-7-18 3
A06T-7-19 1
A06T-7-20 1
A06T-7-21 1
A06T-7-22 0
A06T-7-23 1
A06T-7-24 1
A06T-7-25 0
A06T-7-26 3
A06T-7-27 3
A06T-7-28 3
A06T-7-29 0
A06T-7-30 0
A06T-7-31 2
A06T-7-32 3
A06T-7-33 3
A06T-7-34 2
A06T-7-35 1
A06T-7-36 2
A06T-7-37 3
A06T-7-38 3
A06T-7-39 0
A06T-7-40 2
A06T-7-41 2
A06T-7-42 2
A06T-7-43 2
A06T-7-44 0
A06T-7-45 2
A06T-7-46 1
A06T-7-47 3
A06T-8-0 0
A06T-8-1 0
A06T-8-2 2
A06T-8-3 2
A06T-8-4 0
A06T-8-5 2
A06T-8-6 2
A06T-8-7 3
A06T-8-8 1
A06T-8-9 1
A06T-8-10 3
A06T-8-11 1
A06T-8-12 2
A06T-8-13 3
A06T-8-14 2
A06T-8-15 1
A06T-8-16 0
A06T-8-17 1
A06T-8-18 3
A06T-8-19 0
A06T-8-20 2
A06T-8-21 1
A06T-8-22 2
A06T-8-23 3
A06T-8-24 0
A06T-8-25 0
A06T-8-26 1
A06T-8-27 3
A06T-8-28 0
A06T-8-29 3
A06T-8-30 1
A06T-8-31 1
A06T-8-32 2
A06T-8-33 2
A06T-8-34 3
A06T-8-35 3
A06T-8-36 2
A06T-8-37 0
A06T-8-38 0
A06T-8-39 1
A06T-8-40 0
A06T-8-41 3
A06T-8-42 1
A06T-8-43 3
A06T-8-44 3
A06T-8-45 0
A06T-8-46 1
A06T-8-47 2
A07E.mat
A07E-3-0 0
A07E-3-1 1
A07E-3-2 1
A07E-3-3 0
A07E-3-4 1
A07E-3-5 0
A07E-3-6 1
A07E-3-7 2
A07E-3-8 1
A07E-3-9 3
A07E-3-10 0
A07E-3-11 2
A07E-3-12 1
A07E-3-13 0
A07E-3-14 3
A07E-3-15 3
A07E-3-16 3
A07E-3-17 3
A07E-3-18 3
A07E-3-19 0
A07E-3-20 2
A07E-3-21 1
A07E-3-22 0
A07E-3-23 0
A07E-3-24 2
A07E-3-25 3
A07E-3-26 0
A07E-3-27 2
A07E-3-28 2
A07E-3-29 2
A07E-3-30 0
A07E-3-31 1
A07E-3-32 0
A07E-3-33 1
A07E-3-34 1
A07E-3-35 0
A07E-3-36 1
A07E-3-37 2
A07E-3-38 1
A07E-3-39 2
A07E-3-40 2
A07E-3-41 3
A07E-3-42 2
A07E-3-43 2
A07E-3-44 3
A07E-3-45 3
A07E-3-46 3
A07E-3-47 3
A07E-4-0 3
A07E-4-1 2
A07E-4-2 1
A07E-4-3 0
A07E-4-4 0
A07E-4-5 1
A07E-4-6 2
A07E-4-7 3
A07E-4-8 1
A07E-4-9 2
A07E-4-10 0
A07E-4-11 0
A07E-4-12 0
A07E-4-13 3
A07E-4-14 1
A07E-4-15 1
A07E-4-16 0
A07E-4-17 0
A07E-4-18 2
A07E-4-19 0
A07E-4-20 1
A07E-4-21 3
A07E-4-22 3
A07E-4-23 2
A07E-4-24 0
A07E-4-25 3
A07E-4-26 3
A07E-4-27 1
A07E-4-28 3
A07E-4-29 3
A07E-4-30 1
A07E-4-31 0
A07E-4-32 1
A07E-4-33 2
A07E-4-34 2
A07E-4-35 2
A07E-4-36 3
A07E-4-37 2
A07E-4-38 0
A07E-4-39 3
A07E-4-40 1
A07E-4-41 2
A07E-4-42 1
A07E-4-43 2
A07E-4-44 3
A07E-4-45 1
A07E-4-46 2
A07E-4-47 0
A07E-5-0 0
A07E-5-1 0
A07E-5-2 3
A07E-5-3 1
A07E-5-4 0
A07E-5-5 2
A07E-5-6 0
A07E-5-7 2
A07E-5-8 1
A07E-5-9 3
A07E-5-10 0
A07E-5-11 2
A07E-5-12 2
A07E-5-13 0
A07E-5-14 2
A07E-5-15 1
A07E-5-16 3
A07E-5-17 3
A07E-5-18 3
A07E-5-19 2
A07E-5-20 0
A07E-5-21 3
A07E-5-22 1
A07E-5-23 3
A07E-5-24 1
A07E-5-25 0
A07E-5-26 2
A07E-5-27 1
A07E-5-28 0
A07E-5-29 2
A07E-5-30 2
A07E-5-31 0
A07E-5-32 2
A07E-5-33 3
A07E-5-34 3
A07E-5-35 1
A07E-5-36 0
A07E-5-37 1
A07E-5-38 3
A07E-5-39 1
A07E-5-40 3
A07E-5-41 2
A07E-5-42 1
A07E-5-43 1
A07E-5-44 1
A07E-5-45 2
A07E-5-46 3
A07E-5-47 0
A07E-6-0 1
A07E-6-1 3
A07E-6-2 0
A07E-6-3 2
A07E-6-4 2
A07E-6-5 3
A07E-6-6 0
A07E-6-7 0
A07E-6-8 2
A07E-6-9 1
A07E-6-10 3
A07E-6-11 3
A07E-6-12 3
A07E-6-13 1
A07E-6-14 0
A07E-6-15 2
A07E-6-16 1
A07E-6-17 3
A07E-6-18 0
A07E-6-19 3
A07E-6-20 2
A07E-6-21 1
A07E-6-22 3
A07E-6-23 3
A07E-6-24 0
A07E-6-25 1
A07E-6-26 1
A07E-6-27 2
A07E-6-28 3
A07E-6-29 1
A07E-6-30 0
A07E-6-31 0
A07E-6-32 3
A07E-6-33 1
A07E-6-34 0
A07E-6-35 2
A07E-6-36 1
A07E-6-37 1
A07E-6-38 2
A07E-6-39 0
A07E-6-40 3
A07E-6-41 2
A07E-6-42 2
A07E-6-43 2
A07E-6-44 2
A07E-6-45 0
A07E-6-46 1
A07E-6-47 0
A07E-7-0 1
A07E-7-1 0
A07E-7-2 0
A07E-7-3 2
A07E-7-4 2
A07E-7-5 1
A07E-7-6 2
A07E-7-7 3
A07E-7-8 0
A07E-7-9 3
A07E-7-10 0
A07E-7-11 0
A07E-7-12 1
A07E-7-13 3
A07E-7-14 2
A07E-7-15 1
A07E-7-16 3
A07E-7-17 2
A07E-7-18 3
A07E-7-19 2
A07E-7-20 3
A07E-7-21 1
A07E-7-22 1
A07E-7-23 3
A07E-7-24 0
A07E-7-25 1
A07E-7-26 1
A07E-7-27 1
A07E-7-28 2
A07E-7-29 3
A07E-7-30 0
A07E-7-31 3
A07E-7-32 0
A07E-7-33 2
A07E-7-34 0
A07E-7-35 3
A07E-7-36 0
A07E-7-37 2
A07E-7-38 0
A07E-7-39 1
A07E-7-40 2
A07E-7-41 2
A07E-7-42 3
A07E-7-43 0
A07E-7-44 1
A07E-7-45 3
A07E-7-46 1
A07E-7-47 2
A07E-8-0 2
A07E-8-1 0
A07E-8-2 3
A07E-8-3 1
A07E-8-4 3
A07E-8-5 0
A07E-8-6 0
A07E-8-7 2
A07E-8-8 2
A07E-8-9 1
A07E-8-10 3
A07E-8-11 1
A07E-8-12 1
A07E-8-13 0
A07E-8-14 1
A07E-8-15 3
A07E-8-16 3
A07E-8-17 1
A07E-8-18 1
A07E-8-19 1
A07E-8-20 1
A07E-8-21 3
A07E-8-22 3
A07E-8-23 2
A07E-8-24 3
A07E-8-25 0
A07E-8-26 1
A07E-8-27 2
A07E-8-28 1
A07E-8-29 0
A07E-8-30 3
A07E-8-31 0
A07E-8-32 3
A07E-8-33 0
A07E-8-34 0
A07E-8-35 0
A07E-8-36 0
A07E-8-37 2
A07E-8-38 2
A07E-8-39 3
A07E-8-40 1
A07E-8-41 2
A07E-8-42 2
A07E-8-43 2
A07E-8-44 3
A07E-8-45 2
A07E-8-46 0
A07E-8-47 2
A07T.mat
A07T-3-0 0
A07T-3-1 1
A07T-3-2 1
A07T-3-3 0
A07T-3-4 1
A07T-3-5 0
A07T-3-6 1
A07T-3-7 2
A07T-3-8 1
A07T-3-9 3
A07T-3-10 0
A07T-3-11 2
A07T-3-12 1
A07T-3-13 0
A07T-3-14 3
A07T-3-15 3
A07T-3-16 3
A07T-3-17 3
A07T-3-18 3
A07T-3-19 0
A07T-3-20 2
A07T-3-21 1
A07T-3-22 0
A07T-3-23 0
A07T-3-24 2
A07T-3-25 3
A07T-3-26 0
A07T-3-27 2
A07T-3-28 2
A07T-3-29 2
A07T-3-30 0
A07T-3-31 1
A07T-3-32 0
A07T-3-33 1
A07T-3-34 1
A07T-3-35 0
A07T-3-36 1
A07T-3-37 2
A07T-3-38 1
A07T-3-39 2
A07T-3-40 2
A07T-3-41 3
A07T-3-42 2
A07T-3-43 2
A07T-3-44 3
A07T-3-45 3
A07T-3-46 3
A07T-3-47 3
A07T-4-0 3
A07T-4-1 2
A07T-4-2 1
A07T-4-3 0
A07T-4-4 0
A07T-4-5 1
A07T-4-6 2
A07T-4-7 3
A07T-4-8 1
A07T-4-9 2
A07T-4-10 0
A07T-4-11 0
A07T-4-12 0
A07T-4-13 3
A07T-4-14 1
A07T-4-15 1
A07T-4-16 0
A07T-4-17 0
A07T-4-18 2
A07T-4-19 0
A07T-4-20 1
A07T-4-21 3
A07T-4-22 3
A07T-4-23 2
A07T-4-24 0
A07T-4-25 3
A07T-4-26 3
A07T-4-27 1
A07T-4-28 3
A07T-4-29 3
A07T-4-30 1
A07T-4-31 0
A07T-4-32 1
A07T-4-33 2
A07T-4-34 2
A07T-4-35 2
A07T-4-36 3
A07T-4-37 2
A07T-4-38 0
A07T-4-39 3
A07T-4-40 1
A07T-4-41 2
A07T-4-42 1
A07T-4-43 2
A07T-4-44 3
A07T-4-45 1
A07T-4-46 2
A07T-4-47 0
A07T-5-0 0
A07T-5-1 0
A07T-5-2 3
A07T-5-3 1
A07T-5-4 0
A07T-5-5 2
A07T-5-6 0
A07T-5-7 2
A07T-5-8 1
A07T-5-9 3
A07T-5-10 0
A07T-5-11 2
A07T-5-12 2
A07T-5-13 0
A07T-5-14 2
A07T-5-15 1
A07T-5-16 3
A07T-5-17 3
A07T-5-18 3
A07T-5-19 2
A07T-5-20 0
A07T-5-21 3
A07T-5-22 1
A07T-5-23 3
A07T-5-24 1
A07T-5-25 0
A07T-5-26 2
A07T-5-27 1
A07T-5-28 0
A07T-5-29 2
A07T-5-30 2
A07T-5-31 0
A07T-5-32 2
A07T-5-33 3
A07T-5-34 3
A07T-5-35 1
A07T-5-36 0
A07T-5-37 1
A07T-5-38 3
A07T-5-39 1
A07T-5-40 3
A07T-5-41 2
A07T-5-42 1
A07T-5-43 1
A07T-5-44 1
A07T-5-45 2
A07T-5-46 3
A07T-5-47 0
A07T-6-0 1
A07T-6-1 3
A07T-6-2 0
A07T-6-3 2
A07T-6-4 2
A07T-6-5 3
A07T-6-6 0
A07T-6-7 0
A07T-6-8 2
A07T-6-9 1
A07T-6-10 3
A07T-6-11 3
A07T-6-12 3
A07T-6-13 1
A07T-6-14 0
A07T-6-15 2
A07T-6-16 1
A07T-6-17 3
A07T-6-18 0
A07T-6-19 3
A07T-6-20 2
A07T-6-21 1
A07T-6-22 3
A07T-6-23 3
A07T-6-24 0
A07T-6-25 1
A07T-6-26 1
A07T-6-27 2
A07T-6-28 3
A07T-6-29 1
A07T-6-30 0
A07T-6-31 0
A07T-6-32 3
A07T-6-33 1
A07T-6-34 0
A07T-6-35 2
A07T-6-36 1
A07T-6-37 1
A07T-6-38 2
A07T-6-39 0
A07T-6-40 3
A07T-6-41 2
A07T-6-42 2
A07T-6-43 2
A07T-6-44 2
A07T-6-45 0
A07T-6-46 1
A07T-6-47 0
A07T-7-0 1
A07T-7-1 0
A07T-7-2 0
A07T-7-3 2
A07T-7-4 2
A07T-7-5 1
A07T-7-6 2
A07T-7-7 3
A07T-7-8 0
A07T-7-9 3
A07T-7-10 0
A07T-7-11 0
A07T-7-12 1
A07T-7-13 3
A07T-7-14 2
A07T-7-15 1
A07T-7-16 3
A07T-7-17 2
A07T-7-18 3
A07T-7-19 2
A07T-7-20 3
A07T-7-21 1
A07T-7-22 1
A07T-7-23 3
A07T-7-24 0
A07T-7-25 1
A07T-7-26 1
A07T-7-27 1
A07T-7-28 2
A07T-7-29 3
A07T-7-30 0
A07T-7-31 3
A07T-7-32 0
A07T-7-33 2
A07T-7-34 0
A07T-7-35 3
A07T-7-36 0
A07T-7-37 2
A07T-7-38 0
A07T-7-39 1
A07T-7-40 2
A07T-7-41 2
A07T-7-42 3
A07T-7-43 0
A07T-7-44 1
A07T-7-45 3
A07T-7-46 1
A07T-7-47 2
A07T-8-0 2
A07T-8-1 0
A07T-8-2 3
A07T-8-3 1
A07T-8-4 3
A07T-8-5 0
A07T-8-6 0
A07T-8-7 2
A07T-8-8 2
A07T-8-9 1
A07T-8-10 3
A07T-8-11 1
A07T-8-12 1
A07T-8-13 0
A07T-8-14 1
A07T-8-15 3
A07T-8-16 3
A07T-8-17 1
A07T-8-18 1
A07T-8-19 1
A07T-8-20 1
A07T-8-21 3
A07T-8-22 3
A07T-8-23 2
A07T-8-24 3
A07T-8-25 0
A07T-8-26 1
A07T-8-27 2
A07T-8-28 1
A07T-8-29 0
A07T-8-30 3
A07T-8-31 0
A07T-8-32 3
A07T-8-33 0
A07T-8-34 0
A07T-8-35 0
A07T-8-36 0
A07T-8-37 2
A07T-8-38 2
A07T-8-39 3
A07T-8-40 1
A07T-8-41 2
A07T-8-42 2
A07T-8-43 2
A07T-8-44 3
A07T-8-45 2
A07T-8-46 0
A07T-8-47 2
A08E.mat
A08E-3-0 0
A08E-3-1 1
A08E-3-2 1
A08E-3-3 0
A08E-3-4 1
A08E-3-5 0
A08E-3-6 1
A08E-3-7 2
A08E-3-8 1
A08E-3-9 3
A08E-3-10 0
A08E-3-11 2
A08E-3-12 1
A08E-3-13 0
A08E-3-14 3
A08E-3-15 3
A08E-3-16 3
A08E-3-17 3
A08E-3-18 3
A08E-3-19 0
A08E-3-20 2
A08E-3-21 1
A08E-3-22 0
A08E-3-23 0
A08E-3-24 2
A08E-3-25 3
A08E-3-26 0
A08E-3-27 2
A08E-3-28 2
A08E-3-29 2
A08E-3-30 0
A08E-3-31 1
A08E-3-32 0
A08E-3-33 1
A08E-3-34 1
A08E-3-35 0
A08E-3-36 1
A08E-3-37 2
A08E-3-38 1
A08E-3-39 2
A08E-3-40 2
A08E-3-41 3
A08E-3-42 2
A08E-3-43 2
A08E-3-44 3
A08E-3-45 3
A08E-3-46 3
A08E-3-47 3
A08E-4-0 3
A08E-4-1 2
A08E-4-2 1
A08E-4-3 0
A08E-4-4 0
A08E-4-5 1
A08E-4-6 2
A08E-4-7 3
A08E-4-8 1
A08E-4-9 2
A08E-4-10 0
A08E-4-11 0
A08E-4-12 0
A08E-4-13 3
A08E-4-14 1
A08E-4-15 1
A08E-4-16 0
A08E-4-17 0
A08E-4-18 2
A08E-4-19 0
A08E-4-20 1
A08E-4-21 3
A08E-4-22 3
A08E-4-23 2
A08E-4-24 0
A08E-4-25 3
A08E-4-26 3
A08E-4-27 1
A08E-4-28 3
A08E-4-29 3
A08E-4-30 1
A08E-4-31 0
A08E-4-32 1
A08E-4-33 2
A08E-4-34 2
A08E-4-35 2
A08E-4-36 3
A08E-4-37 2
A08E-4-38 0
A08E-4-39 3
A08E-4-40 1
A08E-4-41 2
A08E-4-42 1
A08E-4-43 2
A08E-4-44 3
A08E-4-45 1
A08E-4-46 2
A08E-4-47 0
A08E-5-0 0
A08E-5-1 0
A08E-5-2 3
A08E-5-3 1
A08E-5-4 0
A08E-5-5 2
A08E-5-6 0
A08E-5-7 2
A08E-5-8 1
A08E-5-9 3
A08E-5-10 0
A08E-5-11 2
A08E-5-12 2
A08E-5-13 0
A08E-5-14 2
A08E-5-15 1
A08E-5-16 3
A08E-5-17 3
A08E-5-18 3
A08E-5-19 2
A08E-5-20 0
A08E-5-21 3
A08E-5-22 1
A08E-5-23 3
A08E-5-24 1
A08E-5-25 0
A08E-5-26 2
A08E-5-27 1
A08E-5-28 0
A08E-5-29 2
A08E-5-30 2
A08E-5-31 0
A08E-5-32 2
A08E-5-33 3
A08E-5-34 3
A08E-5-35 1
A08E-5-36 0
A08E-5-37 1
A08E-5-38 3
A08E-5-39 1
A08E-5-40 3
A08E-5-41 2
A08E-5-42 1
A08E-5-43 1
A08E-5-44 1
A08E-5-45 2
A08E-5-46 3
A08E-5-47 0
A08E-6-0 1
A08E-6-1 3
A08E-6-2 0
A08E-6-3 2
A08E-6-4 2
A08E-6-5 3
A08E-6-6 0
A08E-6-7 0
A08E-6-8 2
A08E-6-9 1
A08E-6-10 3
A08E-6-11 3
A08E-6-12 3
A08E-6-13 1
A08E-6-14 0
A08E-6-15 2
A08E-6-16 1
A08E-6-17 3
A08E-6-18 0
A08E-6-19 3
A08E-6-20 2
A08E-6-21 1
A08E-6-22 3
A08E-6-23 3
A08E-6-24 0
A08E-6-25 1
A08E-6-26 1
A08E-6-27 2
A08E-6-28 3
A08E-6-29 1
A08E-6-30 0
A08E-6-31 0
A08E-6-32 3
A08E-6-33 1
A08E-6-34 0
A08E-6-35 2
A08E-6-36 1
A08E-6-37 1
A08E-6-38 2
A08E-6-39 0
A08E-6-40 3
A08E-6-41 2
A08E-6-42 2
A08E-6-43 2
A08E-6-44 2
A08E-6-45 0
A08E-6-46 1
A08E-6-47 0
A08E-7-0 1
A08E-7-1 0
A08E-7-2 0
A08E-7-3 2
A08E-7-4 2
A08E-7-5 1
A08E-7-6 2
A08E-7-7 3
A08E-7-8 0
A08E-7-9 3
A08E-7-10 0
A08E-7-11 0
A08E-7-12 1
A08E-7-13 3
A08E-7-14 2
A08E-7-15 1
A08E-7-16 3
A08E-7-17 2
A08E-7-18 3
A08E-7-19 2
A08E-7-20 3
A08E-7-21 1
A08E-7-22 1
A08E-7-23 3
A08E-7-24 0
A08E-7-25 1
A08E-7-26 1
A08E-7-27 1
A08E-7-28 2
A08E-7-29 3
A08E-7-30 0
A08E-7-31 3
A08E-7-32 0
A08E-7-33 2
A08E-7-34 0
A08E-7-35 3
A08E-7-36 0
A08E-7-37 2
A08E-7-38 0
A08E-7-39 1
A08E-7-40 2
A08E-7-41 2
A08E-7-42 3
A08E-7-43 0
A08E-7-44 1
A08E-7-45 3
A08E-7-46 1
A08E-7-47 2
A08E-8-0 2
A08E-8-1 0
A08E-8-2 3
A08E-8-3 1
A08E-8-4 3
A08E-8-5 0
A08E-8-6 0
A08E-8-7 2
A08E-8-8 2
A08E-8-9 1
A08E-8-10 3
A08E-8-11 1
A08E-8-12 1
A08E-8-13 0
A08E-8-14 1
A08E-8-15 3
A08E-8-16 3
A08E-8-17 1
A08E-8-18 1
A08E-8-19 1
A08E-8-20 1
A08E-8-21 3
A08E-8-22 3
A08E-8-23 2
A08E-8-24 3
A08E-8-25 0
A08E-8-26 1
A08E-8-27 2
A08E-8-28 1
A08E-8-29 0
A08E-8-30 3
A08E-8-31 0
A08E-8-32 3
A08E-8-33 0
A08E-8-34 0
A08E-8-35 0
A08E-8-36 0
A08E-8-37 2
A08E-8-38 2
A08E-8-39 3
A08E-8-40 1
A08E-8-41 2
A08E-8-42 2
A08E-8-43 2
A08E-8-44 3
A08E-8-45 2
A08E-8-46 0
A08E-8-47 2
A08T.mat
A08T-3-0 0
A08T-3-1 1
A08T-3-2 1
A08T-3-3 0
A08T-3-4 1
A08T-3-5 0
A08T-3-6 1
A08T-3-7 2
A08T-3-8 1
A08T-3-9 3
A08T-3-10 0
A08T-3-11 2
A08T-3-12 1
A08T-3-13 0
A08T-3-14 3
A08T-3-15 3
A08T-3-16 3
A08T-3-17 3
A08T-3-18 3
A08T-3-19 0
A08T-3-20 2
A08T-3-21 1
A08T-3-22 0
A08T-3-23 0
A08T-3-24 2
A08T-3-25 3
A08T-3-26 0
A08T-3-27 2
A08T-3-28 2
A08T-3-29 2
A08T-3-30 0
A08T-3-31 1
A08T-3-32 0
A08T-3-33 1
A08T-3-34 1
A08T-3-35 0
A08T-3-36 1
A08T-3-37 2
A08T-3-38 1
A08T-3-39 2
A08T-3-40 2
A08T-3-41 3
A08T-3-42 2
A08T-3-43 2
A08T-3-44 3
A08T-3-45 3
A08T-3-46 3
A08T-3-47 3
A08T-4-0 3
A08T-4-1 2
A08T-4-2 1
A08T-4-3 0
A08T-4-4 0
A08T-4-5 1
A08T-4-6 2
A08T-4-7 3
A08T-4-8 1
A08T-4-9 2
A08T-4-10 0
A08T-4-11 0
A08T-4-12 0
A08T-4-13 3
A08T-4-14 1
A08T-4-15 1
A08T-4-16 0
A08T-4-17 0
A08T-4-18 2
A08T-4-19 0
A08T-4-20 1
A08T-4-21 3
A08T-4-22 3
A08T-4-23 2
A08T-4-24 0
A08T-4-25 3
A08T-4-26 3
A08T-4-27 1
A08T-4-28 3
A08T-4-29 3
A08T-4-30 1
A08T-4-31 0
A08T-4-32 1
A08T-4-33 2
A08T-4-34 2
A08T-4-35 2
A08T-4-36 3
A08T-4-37 2
A08T-4-38 0
A08T-4-39 3
A08T-4-40 1
A08T-4-41 2
A08T-4-42 1
A08T-4-43 2
A08T-4-44 3
A08T-4-45 1
A08T-4-46 2
A08T-4-47 0
A08T-5-0 0
A08T-5-1 0
A08T-5-2 3
A08T-5-3 1
A08T-5-4 0
A08T-5-5 2
A08T-5-6 0
A08T-5-7 2
A08T-5-8 1
A08T-5-9 3
A08T-5-10 0
A08T-5-11 2
A08T-5-12 2
A08T-5-13 0
A08T-5-14 2
A08T-5-15 1
A08T-5-16 3
A08T-5-17 3
A08T-5-18 3
A08T-5-19 2
A08T-5-20 0
A08T-5-21 3
A08T-5-22 1
A08T-5-23 3
A08T-5-24 1
A08T-5-25 0
A08T-5-26 2
A08T-5-27 1
A08T-5-28 0
A08T-5-29 2
A08T-5-30 2
A08T-5-31 0
A08T-5-32 2
A08T-5-33 3
A08T-5-34 3
A08T-5-35 1
A08T-5-36 0
A08T-5-37 1
A08T-5-38 3
A08T-5-39 1
A08T-5-40 3
A08T-5-41 2
A08T-5-42 1
A08T-5-43 1
A08T-5-44 1
A08T-5-45 2
A08T-5-46 3
A08T-5-47 0
A08T-6-0 1
A08T-6-1 3
A08T-6-2 0
A08T-6-3 2
A08T-6-4 2
A08T-6-5 3
A08T-6-6 0
A08T-6-7 0
A08T-6-8 2
A08T-6-9 1
A08T-6-10 3
A08T-6-11 3
A08T-6-12 3
A08T-6-13 1
A08T-6-14 0
A08T-6-15 2
A08T-6-16 1
A08T-6-17 3
A08T-6-18 0
A08T-6-19 3
A08T-6-20 2
A08T-6-21 1
A08T-6-22 3
A08T-6-23 3
A08T-6-24 0
A08T-6-25 1
A08T-6-26 1
A08T-6-27 2
A08T-6-28 3
A08T-6-29 1
A08T-6-30 0
A08T-6-31 0
A08T-6-32 3
A08T-6-33 1
A08T-6-34 0
A08T-6-35 2
A08T-6-36 1
A08T-6-37 1
A08T-6-38 2
A08T-6-39 0
A08T-6-40 3
A08T-6-41 2
A08T-6-42 2
A08T-6-43 2
A08T-6-44 2
A08T-6-45 0
A08T-6-46 1
A08T-6-47 0
A08T-7-0 1
A08T-7-1 0
A08T-7-2 0
A08T-7-3 2
A08T-7-4 2
A08T-7-5 1
A08T-7-6 2
A08T-7-7 3
A08T-7-8 0
A08T-7-9 3
A08T-7-10 0
A08T-7-11 0
A08T-7-12 1
A08T-7-13 3
A08T-7-14 2
A08T-7-15 1
A08T-7-16 3
A08T-7-17 2
A08T-7-18 3
A08T-7-19 2
A08T-7-20 3
A08T-7-21 1
A08T-7-22 1
A08T-7-23 3
A08T-7-24 0
A08T-7-25 1
A08T-7-26 1
A08T-7-27 1
A08T-7-28 2
A08T-7-29 3
A08T-7-30 0
A08T-7-31 3
A08T-7-32 0
A08T-7-33 2
A08T-7-34 0
A08T-7-35 3
A08T-7-36 0
A08T-7-37 2
A08T-7-38 0
A08T-7-39 1
A08T-7-40 2
A08T-7-41 2
A08T-7-42 3
A08T-7-43 0
A08T-7-44 1
A08T-7-45 3
A08T-7-46 1
A08T-7-47 2
A08T-8-0 2
A08T-8-1 0
A08T-8-2 3
A08T-8-3 1
A08T-8-4 3
A08T-8-5 0
A08T-8-6 0
A08T-8-7 2
A08T-8-8 2
A08T-8-9 1
A08T-8-10 3
A08T-8-11 1
A08T-8-12 1
A08T-8-13 0
A08T-8-14 1
A08T-8-15 3
A08T-8-16 3
A08T-8-17 1
A08T-8-18 1
A08T-8-19 1
A08T-8-20 1
A08T-8-21 3
A08T-8-22 3
A08T-8-23 2
A08T-8-24 3
A08T-8-25 0
A08T-8-26 1
A08T-8-27 2
A08T-8-28 1
A08T-8-29 0
A08T-8-30 3
A08T-8-31 0
A08T-8-32 3
A08T-8-33 0
A08T-8-34 0
A08T-8-35 0
A08T-8-36 0
A08T-8-37 2
A08T-8-38 2
A08T-8-39 3
A08T-8-40 1
A08T-8-41 2
A08T-8-42 2
A08T-8-43 2
A08T-8-44 3
A08T-8-45 2
A08T-8-46 0
A08T-8-47 2
A09E.mat
A09E-3-0 0
A09E-3-1 1
A09E-3-2 1
A09E-3-3 0
A09E-3-4 1
A09E-3-5 0
A09E-3-6 1
A09E-3-7 2
A09E-3-8 1
A09E-3-9 3
A09E-3-10 0
A09E-3-11 2
A09E-3-12 1
A09E-3-13 0
A09E-3-14 3
A09E-3-15 3
A09E-3-16 3
A09E-3-17 3
A09E-3-18 3
A09E-3-19 0
A09E-3-20 2
A09E-3-21 1
A09E-3-22 0
A09E-3-23 0
A09E-3-24 2
A09E-3-25 3
A09E-3-26 0
A09E-3-27 2
A09E-3-28 2
A09E-3-29 2
A09E-3-30 0
A09E-3-31 1
A09E-3-32 0
A09E-3-33 1
A09E-3-34 1
A09E-3-35 0
A09E-3-36 1
A09E-3-37 2
A09E-3-38 1
A09E-3-39 2
A09E-3-40 2
A09E-3-41 3
A09E-3-42 2
A09E-3-43 2
A09E-3-44 3
A09E-3-45 3
A09E-3-46 3
A09E-3-47 3
A09E-4-0 3
A09E-4-1 2
A09E-4-2 1
A09E-4-3 0
A09E-4-4 0
A09E-4-5 1
A09E-4-6 2
A09E-4-7 3
A09E-4-8 1
A09E-4-9 2
A09E-4-10 0
A09E-4-11 0
A09E-4-12 0
A09E-4-13 3
A09E-4-14 1
A09E-4-15 1
A09E-4-16 0
A09E-4-17 0
A09E-4-18 2
A09E-4-19 0
A09E-4-20 1
A09E-4-21 3
A09E-4-22 3
A09E-4-23 2
A09E-4-24 0
A09E-4-25 3
A09E-4-26 3
A09E-4-27 1
A09E-4-28 3
A09E-4-29 3
A09E-4-30 1
A09E-4-31 0
A09E-4-32 1
A09E-4-33 2
A09E-4-34 2
A09E-4-35 2
A09E-4-36 3
A09E-4-37 2
A09E-4-38 0
A09E-4-39 3
A09E-4-40 1
A09E-4-41 2
A09E-4-42 1
A09E-4-43 2
A09E-4-44 3
A09E-4-45 1
A09E-4-46 2
A09E-4-47 0
A09E-5-0 0
A09E-5-1 0
A09E-5-2 3
A09E-5-3 1
A09E-5-4 0
A09E-5-5 2
A09E-5-6 0
A09E-5-7 2
A09E-5-8 1
A09E-5-9 3
A09E-5-10 0
A09E-5-11 2
A09E-5-12 2
A09E-5-13 0
A09E-5-14 2
A09E-5-15 1
A09E-5-16 3
A09E-5-17 3
A09E-5-18 3
A09E-5-19 2
A09E-5-20 0
A09E-5-21 3
A09E-5-22 1
A09E-5-23 3
A09E-5-24 1
A09E-5-25 0
A09E-5-26 2
A09E-5-27 1
A09E-5-28 0
A09E-5-29 2
A09E-5-30 2
A09E-5-31 0
A09E-5-32 2
A09E-5-33 3
A09E-5-34 3
A09E-5-35 1
A09E-5-36 0
A09E-5-37 1
A09E-5-38 3
A09E-5-39 1
A09E-5-40 3
A09E-5-41 2
A09E-5-42 1
A09E-5-43 1
A09E-5-44 1
A09E-5-45 2
A09E-5-46 3
A09E-5-47 0
A09E-6-0 1
A09E-6-1 3
A09E-6-2 0
A09E-6-3 2
A09E-6-4 2
A09E-6-5 3
A09E-6-6 0
A09E-6-7 0
A09E-6-8 2
A09E-6-9 1
A09E-6-10 3
A09E-6-11 3
A09E-6-12 3
A09E-6-13 1
A09E-6-14 0
A09E-6-15 2
A09E-6-16 1
A09E-6-17 3
A09E-6-18 0
A09E-6-19 3
A09E-6-20 2
A09E-6-21 1
A09E-6-22 3
A09E-6-23 3
A09E-6-24 0
A09E-6-25 1
A09E-6-26 1
A09E-6-27 2
A09E-6-28 3
A09E-6-29 1
A09E-6-30 0
A09E-6-31 0
A09E-6-32 3
A09E-6-33 1
A09E-6-34 0
A09E-6-35 2
A09E-6-36 1
A09E-6-37 1
A09E-6-38 2
A09E-6-39 0
A09E-6-40 3
A09E-6-41 2
A09E-6-42 2
A09E-6-43 2
A09E-6-44 2
A09E-6-45 0
A09E-6-46 1
A09E-6-47 0
A09E-7-0 1
A09E-7-1 0
A09E-7-2 0
A09E-7-3 2
A09E-7-4 2
A09E-7-5 1
A09E-7-6 2
A09E-7-7 3
A09E-7-8 0
A09E-7-9 3
A09E-7-10 0
A09E-7-11 0
A09E-7-12 1
A09E-7-13 3
A09E-7-14 2
A09E-7-15 1
A09E-7-16 3
A09E-7-17 2
A09E-7-18 3
A09E-7-19 2
A09E-7-20 3
A09E-7-21 1
A09E-7-22 1
A09E-7-23 3
A09E-7-24 0
A09E-7-25 1
A09E-7-26 1
A09E-7-27 1
A09E-7-28 2
A09E-7-29 3
A09E-7-30 0
A09E-7-31 3
A09E-7-32 0
A09E-7-33 2
A09E-7-34 0
A09E-7-35 3
A09E-7-36 0
A09E-7-37 2
A09E-7-38 0
A09E-7-39 1
A09E-7-40 2
A09E-7-41 2
A09E-7-42 3
A09E-7-43 0
A09E-7-44 1
A09E-7-45 3
A09E-7-46 1
A09E-7-47 2
A09E-8-0 2
A09E-8-1 0
A09E-8-2 3
A09E-8-3 1
A09E-8-4 3
A09E-8-5 0
A09E-8-6 0
A09E-8-7 2
A09E-8-8 2
A09E-8-9 1
A09E-8-10 3
A09E-8-11 1
A09E-8-12 1
A09E-8-13 0
A09E-8-14 1
A09E-8-15 3
A09E-8-16 3
A09E-8-17 1
A09E-8-18 1
A09E-8-19 1
A09E-8-20 1
A09E-8-21 3
A09E-8-22 3
A09E-8-23 2
A09E-8-24 3
A09E-8-25 0
A09E-8-26 1
A09E-8-27 2
A09E-8-28 1
A09E-8-29 0
A09E-8-30 3
A09E-8-31 0
A09E-8-32 3
A09E-8-33 0
A09E-8-34 0
A09E-8-35 0
A09E-8-36 0
A09E-8-37 2
A09E-8-38 2
A09E-8-39 3
A09E-8-40 1
A09E-8-41 2
A09E-8-42 2
A09E-8-43 2
A09E-8-44 3
A09E-8-45 2
A09E-8-46 0
A09E-8-47 2
A09T.mat
A09T-3-0 3
A09T-3-1 1
A09T-3-2 1
A09T-3-3 0
A09T-3-4 3
A09T-3-5 3
A09T-3-6 2
A09T-3-7 1
A09T-3-8 2
A09T-3-9 0
A09T-3-10 0
A09T-3-11 1
A09T-3-12 3
A09T-3-13 3
A09T-3-14 1
A09T-3-15 3
A09T-3-16 2
A09T-3-17 2
A09T-3-18 2
A09T-3-19 0
A09T-3-20 2
A09T-3-21 0
A09T-3-22 2
A09T-3-23 2
A09T-3-24 0
A09T-3-25 0
A09T-3-26 1
A09T-3-27 1
A09T-3-28 0
A09T-3-29 2
A09T-3-30 1
A09T-3-31 3
A09T-3-32 3
A09T-3-33 0
A09T-3-34 3
A09T-3-35 0
A09T-3-36 3
A09T-3-37 1
A09T-3-38 2
A09T-3-39 3
A09T-3-40 1
A09T-3-41 2
A09T-3-42 1
A09T-3-43 2
A09T-3-44 0
A09T-3-45 1
A09T-3-46 3
A09T-3-47 0
A09T-4-0 2
A09T-4-1 0
A09T-4-2 0
A09T-4-3 3
A09T-4-4 0
A09T-4-5 3
A09T-4-6 3
A09T-4-7 1
A09T-4-8 3
A09T-4-9 1
A09T-4-10 3
A09T-4-11 2
A09T-4-12 0
A09T-4-13 1
A09T-4-14 2
A09T-4-15 0
A09T-4-16 0
A09T-4-17 3
A09T-4-18 3
A09T-4-19 1
A09T-4-20 0
A09T-4-21 2
A09T-4-22 3
A09T-4-23 3
A09T-4-24 3
A09T-4-25 2
A09T-4-26 2
A09T-4-27 2
A09T-4-28 0
A09T-4-29 1
A09T-4-30 1
A09T-4-31 1
A09T-4-32 2
A09T-4-33 2
A09T-4-34 1
A09T-4-35 2
A09T-4-36 0
A09T-4-37 2
A09T-4-38 2
A09T-4-39 1
A09T-4-40 1
A09T-4-41 0
A09T-4-42 1
A09T-4-43 0
A09T-4-44 0
A09T-4-45 3
A09T-4-46 3
A09T-4-47 1
A09T-5-0 1
A09T-5-1 3
A09T-5-2 0
A09T-5-3 3
A09T-5-4 1
A09T-5-5 3
A09T-5-6 0
A09T-5-7 1
A09T-5-8 3
A09T-5-9 3
A09T-5-10 1
A09T-5-11 2
A09T-5-12 1
A09T-5-13 0
A09T-5-14 0
A09T-5-15 1
A09T-5-16 3
A09T-5-17 0
A09T-5-18 3
A09T-5-19 1
A09T-5-20 0
A09T-5-21 2
A09T-5-22 2
A09T-5-23 0
A09T-5-24 1
A09T-5-25 3
A09T-5-26 2
A09T-5-27 2
A09T-5-28 2
A09T-5-29 2
A09T-5-30 0
A09T-5-31 2
A09T-5-32 3
A09T-5-33 2
A09T-5-34 0
A09T-5-35 2
A09T-5-36 0
A09T-5-37 3
A09T-5-38 0
A09T-5-39 1
A09T-5-40 2
A09T-5-41 1
A09T-5-42 0
A09T-5-43 1
A09T-5-44 1
A09T-5-45 3
A09T-5-46 2
A09T-5-47 3
A09T-6-0 0
A09T-6-1 0
A09T-6-2 1
A09T-6-3 3
A09T-6-4 0
A09T-6-5 3
A09T-6-6 3
A09T-6-7 3
A09T-6-8 0
A09T-6-9 2
A09T-6-10 3
A09T-6-11 3
A09T-6-12 1
A09T-6-13 1
A09T-6-14 3
A09T-6-15 0
A09T-6-16 3
A09T-6-17 2
A09T-6-18 1
A09T-6-19 2
A09T-6-20 1
A09T-6-21 3
A09T-6-22 0
A09T-6-23 0
A09T-6-24 1
A09T-6-25 2
A09T-6-26 0
A09T-6-27 3
A09T-6-28 0
A09T-6-29 2
A09T-6-30 2
A09T-6-31 2
A09T-6-32 1
A09T-6-33 1
A09T-6-34 1
A09T-6-35 2
A09T-6-36 0
A09T-6-37 1
A09T-6-38 0
A09T-6-39 3
A09T-6-40 3
A09T-6-41 2
A09T-6-42 2
A09T-6-43 1
A09T-6-44 1
A09T-6-45 0
A09T-6-46 2
A09T-6-47 2
A09T-7-0 3
A09T-7-1 0
A09T-7-2 2
A09T-7-3 3
A09T-7-4 1
A09T-7-5 1
A09T-7-6 2
A09T-7-7 2
A09T-7-8 0
A09T-7-9 0
A09T-7-10 1
A09T-7-11 1
A09T-7-12 0
A09T-7-13 3
A09T-7-14 0
A09T-7-15 1
A09T-7-16 2
A09T-7-17 0
A09T-7-18 3
A09T-7-19 1
A09T-7-20 1
A09T-7-21 1
A09T-7-22 0
A09T-7-23 1
A09T-7-24 1
A09T-7-25 0
A09T-7-26 3
A09T-7-27 3
A09T-7-28 3
A09T-7-29 0
A09T-7-30 0
A09T-7-31 2
A09T-7-32 3
A09T-7-33 3
A09T-7-34 2
A09T-7-35 1
A09T-7-36 2
A09T-7-37 3
A09T-7-38 3
A09T-7-39 0
A09T-7-40 2
A09T-7-41 2
A09T-7-42 2
A09T-7-43 2
A09T-7-44 0
A09T-7-45 2
A09T-7-46 1
A09T-7-47 3
A09T-8-0 0
A09T-8-1 0
A09T-8-2 2
A09T-8-3 2
A09T-8-4 0
A09T-8-5 2
A09T-8-6 2
A09T-8-7 3
A09T-8-8 1
A09T-8-9 1
A09T-8-10 3
A09T-8-11 1
A09T-8-12 2
A09T-8-13 3
A09T-8-14 2
A09T-8-15 1
A09T-8-16 0
A09T-8-17 1
A09T-8-18 3
A09T-8-19 0
A09T-8-20 2
A09T-8-21 1
A09T-8-22 2
A09T-8-23 3
A09T-8-24 0
A09T-8-25 0
A09T-8-26 1
A09T-8-27 3
A09T-8-28 0
A09T-8-29 3
A09T-8-30 1
A09T-8-31 1
A09T-8-32 2
A09T-8-33 2
A09T-8-34 3
A09T-8-35 3
A09T-8-36 2
A09T-8-37 0
A09T-8-38 0
A09T-8-39 1
A09T-8-40 0
A09T-8-41 3
A09T-8-42 1
A09T-8-43 3
A09T-8-44 3
A09T-8-45 0
A09T-8-46 1
A09T-8-47 2
