2026-10-01 04:15:02 START gpu3 MentalArithmetic__pretrained__s1.sh
2026-10-01 04:15:02 START gpu1 MentalArithmetic__pretrained__s0.sh
2026-10-01 04:15:02 START gpu0 MentalArithmetic__pretrained__s2.sh
2026-10-01 04:15:02 START gpu2 MentalArithmetic__pretrained__s3.sh
2026-10-01 04:15:02 START gpu4 MentalArithmetic__pretrained__s4.sh
2026-10-01 04:15:02 START gpu6 MentalArithmetic__scratch__s0.sh
2026-10-01 04:15:02 START gpu7 MentalArithmetic__scratch__s1.sh
2026-10-01 04:15:02 START gpu5 MentalArithmetic__scratch__s2.sh
2026-10-01 04:15:07 FAILED gpu5 MentalArithmetic__scratch__s2.sh rc=1 0.1 min
2026-10-01 04:15:07 START gpu5 MentalArithmetic__scratch__s3.sh
2026-10-01 04:15:07 FAILED gpu0 MentalArithmetic__pretrained__s2.sh rc=1 0.1 min
2026-10-01 04:15:07 START gpu0 MentalArithmetic__scratch__s4.sh
2026-10-01 04:15:07 FAILED gpu3 MentalArithmetic__pretrained__s1.sh rc=1 0.1 min
2026-10-01 04:15:07 FAILED gpu2 MentalArithmetic__pretrained__s3.sh rc=1 0.1 min
2026-10-01 04:15:07 FAILED gpu7 MentalArithmetic__scratch__s1.sh rc=1 0.1 min
2026-10-01 04:15:07 FAILED gpu6 MentalArithmetic__scratch__s0.sh rc=1 0.1 min
2026-10-01 04:15:07 FAILED gpu4 MentalArithmetic__pretrained__s4.sh rc=1 0.1 min
2026-10-01 04:15:07 FAILED gpu1 MentalArithmetic__pretrained__s0.sh rc=1 0.1 min
2026-10-01 04:15:11 FAILED gpu0 MentalArithmetic__scratch__s4.sh rc=1 0.1 min
2026-10-01 04:15:11 FAILED gpu5 MentalArithmetic__scratch__s3.sh rc=1 0.1 min
2026-10-01 04:15:47 START gpu3 MentalArithmetic__pretrained__s0.sh
2026-10-01 04:15:47 START gpu2 MentalArithmetic__pretrained__s1.sh
2026-10-01 04:15:47 START gpu7 MentalArithmetic__pretrained__s2.sh
2026-10-01 04:15:47 START gpu6 MentalArithmetic__pretrained__s3.sh
2026-10-01 04:15:47 START gpu4 MentalArithmetic__pretrained__s4.sh
2026-10-01 04:15:47 START gpu1 MentalArithmetic__scratch__s0.sh
2026-10-01 04:15:51 START gpu0 MentalArithmetic__scratch__s1.sh
2026-10-01 04:15:51 START gpu5 MentalArithmetic__scratch__s2.sh
2026-10-01 04:21:40 DONE gpu7 MentalArithmetic__pretrained__s2.sh rc=0 5.9 min
2026-10-01 04:21:40 START gpu7 MentalArithmetic__scratch__s3.sh
2026-10-01 04:21:45 DONE gpu6 MentalArithmetic__pretrained__s3.sh rc=0 6.0 min
2026-10-01 04:21:45 START gpu6 MentalArithmetic__scratch__s4.sh
2026-10-01 04:21:50 DONE gpu2 MentalArithmetic__pretrained__s1.sh rc=0 6.0 min
2026-10-01 04:21:51 DONE gpu4 MentalArithmetic__pretrained__s4.sh rc=0 6.1 min
2026-10-01 04:21:54 DONE gpu5 MentalArithmetic__scratch__s2.sh rc=0 6.1 min
2026-10-01 04:21:54 DONE gpu3 MentalArithmetic__pretrained__s0.sh rc=0 6.1 min
2026-10-01 04:21:54 DONE gpu1 MentalArithmetic__scratch__s0.sh rc=0 6.1 min
2026-10-01 04:21:57 DONE gpu0 MentalArithmetic__scratch__s1.sh rc=0 6.1 min
2026-10-01 04:24:37 START gpu0 5_p_MentalArithmetic__pretrained__s3407.sh
2026-10-01 04:24:50 START gpu2 9_p_MentalArithmetic__pt-lr5e-4-single__s0.sh
2026-10-01 04:24:51 START gpu4 9_p_MentalArithmetic__pt-lr5e-4-single__s1.sh
2026-10-01 04:24:54 START gpu5 9_p_MentalArithmetic__pt-lr5e-4-single__s2.sh
2026-10-01 04:24:54 START gpu3 9_p_MentalArithmetic__pt-lr5e-4-single__s3.sh
2026-10-01 04:24:54 START gpu1 9_p_MentalArithmetic__pt-lr5e-4-single__s4.sh
2026-10-01 04:27:31 DONE gpu7 MentalArithmetic__scratch__s3.sh rc=0 5.8 min
2026-10-01 04:27:41 DONE gpu6 MentalArithmetic__scratch__s4.sh rc=0 5.9 min
2026-10-01 04:30:32 DONE gpu0 5_p_MentalArithmetic__pretrained__s3407.sh rc=0 5.9 min
2026-10-01 04:30:41 DONE gpu4 9_p_MentalArithmetic__pt-lr5e-4-single__s1.sh rc=0 5.8 min
2026-10-01 04:30:41 START gpu4 4_p_BCIC-IV-2a__pretrained__s0.sh
2026-10-01 04:30:42 DONE gpu2 9_p_MentalArithmetic__pt-lr5e-4-single__s0.sh rc=0 5.9 min
2026-10-01 04:30:42 START gpu2 4_p_BCIC-IV-2a__pretrained__s1.sh
2026-10-01 04:30:45 DONE gpu5 9_p_MentalArithmetic__pt-lr5e-4-single__s2.sh rc=0 5.8 min
2026-10-01 04:30:45 START gpu5 4_p_BCIC-IV-2a__pretrained__s2.sh
2026-10-01 04:30:48 DONE gpu3 9_p_MentalArithmetic__pt-lr5e-4-single__s3.sh rc=0 5.9 min
2026-10-01 04:30:48 START gpu3 4_p_BCIC-IV-2a__pretrained__s3.sh
2026-10-01 04:30:51 START gpu7 4_p_BCIC-IV-2a__pretrained__s4.sh
2026-10-01 04:30:51 DONE gpu1 9_p_MentalArithmetic__pt-lr5e-4-single__s4.sh rc=0 5.9 min
2026-10-01 04:30:51 START gpu1 4_s_BCIC-IV-2a__scratch__s0.sh
2026-10-01 04:30:52 START gpu0 4_s_BCIC-IV-2a__scratch__s1.sh
2026-10-01 04:31:01 START gpu6 4_s_BCIC-IV-2a__scratch__s2.sh
2026-10-01 04:43:15 DONE gpu2 4_p_BCIC-IV-2a__pretrained__s1.sh rc=0 12.5 min
2026-10-01 04:43:15 START gpu2 4_s_BCIC-IV-2a__scratch__s3.sh
2026-10-01 04:43:17 DONE gpu4 4_p_BCIC-IV-2a__pretrained__s0.sh rc=0 12.6 min
2026-10-01 04:43:17 START gpu4 4_s_BCIC-IV-2a__scratch__s4.sh
2026-10-01 04:43:23 DONE gpu1 4_s_BCIC-IV-2a__scratch__s0.sh rc=0 12.5 min
2026-10-01 04:43:27 DONE gpu7 4_p_BCIC-IV-2a__pretrained__s4.sh rc=0 12.6 min
2026-10-01 04:43:31 DONE gpu5 4_p_BCIC-IV-2a__pretrained__s2.sh rc=0 12.8 min
2026-10-01 04:43:36 DONE gpu3 4_p_BCIC-IV-2a__pretrained__s3.sh rc=0 12.8 min
2026-10-01 04:43:38 DONE gpu0 4_s_BCIC-IV-2a__scratch__s1.sh rc=0 12.8 min
2026-10-01 04:43:47 DONE gpu6 4_s_BCIC-IV-2a__scratch__s2.sh rc=0 12.8 min
2026-10-01 04:49:56 START gpu3 1_p_PhysioNet-MI__pretrained__s0.sh
2026-10-01 04:49:58 START gpu0 1_p_PhysioNet-MI__pretrained__s1.sh
2026-10-01 04:50:03 START gpu1 1_p_PhysioNet-MI__pretrained__s2.sh
2026-10-01 04:50:07 START gpu6 1_p_PhysioNet-MI__pretrained__s3.sh
2026-10-01 04:50:07 START gpu7 1_p_PhysioNet-MI__pretrained__s4.sh
2026-10-01 04:50:11 START gpu5 1_s_PhysioNet-MI__scratch__s0.sh
2026-10-01 04:55:31 DONE gpu2 4_s_BCIC-IV-2a__scratch__s3.sh rc=0 12.3 min
2026-10-01 04:55:31 START gpu2 1_s_PhysioNet-MI__scratch__s1.sh
2026-10-01 04:55:32 DONE gpu4 4_s_BCIC-IV-2a__scratch__s4.sh rc=0 12.2 min
2026-10-01 04:55:32 START gpu4 1_s_PhysioNet-MI__scratch__s2.sh
2026-10-01 05:57:34 DONE gpu0 1_p_PhysioNet-MI__pretrained__s1.sh rc=0 67.6 min
2026-10-01 05:57:34 START gpu0 1_s_PhysioNet-MI__scratch__s3.sh
2026-10-01 05:57:47 DONE gpu5 1_s_PhysioNet-MI__scratch__s0.sh rc=0 67.6 min
2026-10-01 05:57:47 START gpu5 1_s_PhysioNet-MI__scratch__s4.sh
2026-10-01 05:57:56 DONE gpu1 1_p_PhysioNet-MI__pretrained__s2.sh rc=0 67.9 min
2026-10-01 05:57:56 START gpu1 3_p_Mumtaz2016__pretrained__s0.sh
2026-10-01 05:58:10 DONE gpu7 1_p_PhysioNet-MI__pretrained__s4.sh rc=0 68.1 min
2026-10-01 05:58:10 START gpu7 3_p_Mumtaz2016__pretrained__s1.sh
2026-10-01 05:58:25 DONE gpu3 1_p_PhysioNet-MI__pretrained__s0.sh rc=0 68.5 min
2026-10-01 05:58:25 START gpu3 3_p_Mumtaz2016__pretrained__s2.sh
2026-10-01 05:58:42 DONE gpu6 1_p_PhysioNet-MI__pretrained__s3.sh rc=0 68.6 min
2026-10-01 05:58:42 START gpu6 3_p_Mumtaz2016__pretrained__s3.sh
2026-10-01 06:03:08 DONE gpu4 1_s_PhysioNet-MI__scratch__s2.sh rc=0 67.6 min
2026-10-01 06:03:08 START gpu4 3_p_Mumtaz2016__pretrained__s4.sh
2026-10-01 06:03:20 DONE gpu2 1_s_PhysioNet-MI__scratch__s1.sh rc=0 67.8 min
2026-10-01 06:03:20 START gpu2 3_s_Mumtaz2016__scratch__s0.sh
2026-10-01 06:18:28 DONE gpu1 3_p_Mumtaz2016__pretrained__s0.sh rc=0 20.5 min
2026-10-01 06:18:28 START gpu1 3_s_Mumtaz2016__scratch__s1.sh
2026-10-01 06:18:45 DONE gpu7 3_p_Mumtaz2016__pretrained__s1.sh rc=0 20.6 min
2026-10-01 06:18:45 START gpu7 3_s_Mumtaz2016__scratch__s2.sh
2026-10-01 06:18:59 DONE gpu3 3_p_Mumtaz2016__pretrained__s2.sh rc=0 20.6 min
2026-10-01 06:18:59 START gpu3 3_s_Mumtaz2016__scratch__s3.sh
2026-10-01 06:19:17 DONE gpu6 3_p_Mumtaz2016__pretrained__s3.sh rc=0 20.6 min
2026-10-01 06:19:17 START gpu6 3_s_Mumtaz2016__scratch__s4.sh
2026-10-01 06:23:42 DONE gpu4 3_p_Mumtaz2016__pretrained__s4.sh rc=0 20.6 min
2026-10-01 06:23:42 START gpu4 6_f_PhysioNet-MI__frozen__s0.sh
2026-10-01 06:23:54 DONE gpu2 3_s_Mumtaz2016__scratch__s0.sh rc=0 20.6 min
2026-10-01 06:23:54 START gpu2 6_f_PhysioNet-MI__frozen__s1.sh
2026-10-01 06:39:19 DONE gpu7 3_s_Mumtaz2016__scratch__s2.sh rc=0 20.6 min
2026-10-01 06:39:19 START gpu7 6_f_PhysioNet-MI__frozen__s2.sh
2026-10-01 06:39:47 DONE gpu1 3_s_Mumtaz2016__scratch__s1.sh rc=0 21.3 min
2026-10-01 06:39:47 START gpu1 6_f_PhysioNet-MI__frozen__s3.sh
2026-10-01 06:39:51 DONE gpu6 3_s_Mumtaz2016__scratch__s4.sh rc=0 20.6 min
2026-10-01 06:39:51 START gpu6 6_f_PhysioNet-MI__frozen__s4.sh
2026-10-01 06:40:18 DONE gpu3 3_s_Mumtaz2016__scratch__s3.sh rc=0 21.3 min
2026-10-01 06:40:18 START gpu3 7_p_BCIC-IV-2a@v0616__pretrained__s0.sh
2026-10-01 06:48:27 DONE gpu4 6_f_PhysioNet-MI__frozen__s0.sh rc=0 24.7 min
2026-10-01 06:48:27 START gpu4 7_p_BCIC-IV-2a@v0616__pretrained__s1.sh
2026-10-01 06:48:52 DONE gpu2 6_f_PhysioNet-MI__frozen__s1.sh rc=0 25.0 min
2026-10-01 06:48:52 START gpu2 7_p_BCIC-IV-2a@v0616__pretrained__s2.sh
2026-10-01 06:52:25 DONE gpu3 7_p_BCIC-IV-2a@v0616__pretrained__s0.sh rc=0 12.1 min
2026-10-01 06:52:25 START gpu3 7_p_BCIC-IV-2a@v0616__pretrained__s3.sh
2026-10-01 07:00:32 DONE gpu4 7_p_BCIC-IV-2a@v0616__pretrained__s1.sh rc=0 12.1 min
2026-10-01 07:00:32 START gpu4 7_p_BCIC-IV-2a@v0616__pretrained__s4.sh
2026-10-01 07:01:13 DONE gpu2 7_p_BCIC-IV-2a@v0616__pretrained__s2.sh rc=0 12.4 min
2026-10-01 07:01:13 START gpu2 8_e_BCIC-IV-2a__eegnet__s0.sh
2026-10-01 07:03:31 DONE gpu2 8_e_BCIC-IV-2a__eegnet__s0.sh rc=0 2.3 min
2026-10-01 07:03:31 START gpu2 8_e_BCIC-IV-2a__eegnet__s1.sh
2026-10-01 07:04:26 DONE gpu7 6_f_PhysioNet-MI__frozen__s2.sh rc=0 25.1 min
2026-10-01 07:04:26 START gpu7 8_e_BCIC-IV-2a__eegnet__s2.sh
2026-10-01 07:04:40 DONE gpu3 7_p_BCIC-IV-2a@v0616__pretrained__s3.sh rc=0 12.3 min
2026-10-01 07:04:40 START gpu3 8_e_BCIC-IV-2a__eegnet__s3.sh
2026-10-01 07:05:04 DONE gpu6 6_f_PhysioNet-MI__frozen__s4.sh rc=0 25.2 min
2026-10-01 07:05:04 START gpu6 8_e_BCIC-IV-2a__eegnet__s4.sh
2026-10-01 07:05:07 DONE gpu1 6_f_PhysioNet-MI__frozen__s3.sh rc=0 25.3 min
2026-10-01 07:05:07 START gpu1 8_e_MentalArithmetic__eegnet__s0.sh
2026-10-01 07:05:54 DONE gpu2 8_e_BCIC-IV-2a__eegnet__s1.sh rc=0 2.4 min
2026-10-01 07:05:54 START gpu2 8_e_MentalArithmetic__eegnet__s1.sh
2026-10-01 07:06:18 DONE gpu1 8_e_MentalArithmetic__eegnet__s0.sh rc=0 1.2 min
2026-10-01 07:06:18 START gpu1 8_e_MentalArithmetic__eegnet__s2.sh
2026-10-01 07:06:23 DONE gpu0 1_s_PhysioNet-MI__scratch__s3.sh rc=0 68.8 min
2026-10-01 07:06:23 START gpu0 8_e_MentalArithmetic__eegnet__s3.sh
2026-10-01 07:06:39 DONE gpu5 1_s_PhysioNet-MI__scratch__s4.sh rc=0 68.9 min
2026-10-01 07:06:39 START gpu5 8_e_MentalArithmetic__eegnet__s4.sh
2026-10-01 07:06:51 DONE gpu7 8_e_BCIC-IV-2a__eegnet__s2.sh rc=0 2.4 min
2026-10-01 07:06:51 START gpu7 8_e_Mumtaz2016__eegnet__s0.sh
2026-10-01 07:07:04 DONE gpu2 8_e_MentalArithmetic__eegnet__s1.sh rc=0 1.2 min
2026-10-01 07:07:04 START gpu2 8_e_Mumtaz2016__eegnet__s1.sh
2026-10-01 07:07:11 DONE gpu3 8_e_BCIC-IV-2a__eegnet__s3.sh rc=0 2.5 min
2026-10-01 07:07:11 START gpu3 8_e_Mumtaz2016__eegnet__s2.sh
2026-10-01 07:07:31 DONE gpu1 8_e_MentalArithmetic__eegnet__s2.sh rc=0 1.2 min
2026-10-01 07:07:31 START gpu1 8_e_Mumtaz2016__eegnet__s3.sh
2026-10-01 07:07:33 DONE gpu6 8_e_BCIC-IV-2a__eegnet__s4.sh rc=0 2.5 min
2026-10-01 07:07:33 START gpu6 8_e_Mumtaz2016__eegnet__s4.sh
2026-10-01 07:07:34 DONE gpu0 8_e_MentalArithmetic__eegnet__s3.sh rc=0 1.2 min
2026-10-01 07:07:34 START gpu0 8_e_PhysioNet-MI__eegnet__s0.sh
2026-10-01 07:07:51 DONE gpu5 8_e_MentalArithmetic__eegnet__s4.sh rc=0 1.2 min
2026-10-01 07:07:51 START gpu5 8_e_PhysioNet-MI__eegnet__s1.sh
2026-10-01 07:10:47 DONE gpu7 8_e_Mumtaz2016__eegnet__s0.sh rc=0 3.9 min
2026-10-01 07:10:47 START gpu7 8_e_PhysioNet-MI__eegnet__s2.sh
2026-10-01 07:11:05 DONE gpu2 8_e_Mumtaz2016__eegnet__s1.sh rc=0 4.0 min
2026-10-01 07:11:05 START gpu2 8_e_PhysioNet-MI__eegnet__s3.sh
2026-10-01 07:11:07 DONE gpu3 8_e_Mumtaz2016__eegnet__s2.sh rc=0 3.9 min
2026-10-01 07:11:07 START gpu3 8_e_PhysioNet-MI__eegnet__s4.sh
2026-10-01 07:11:25 DONE gpu1 8_e_Mumtaz2016__eegnet__s3.sh rc=0 3.9 min
2026-10-01 07:11:28 DONE gpu6 8_e_Mumtaz2016__eegnet__s4.sh rc=0 3.9 min
2026-10-01 07:12:45 DONE gpu4 7_p_BCIC-IV-2a@v0616__pretrained__s4.sh rc=0 12.2 min
2026-10-01 07:19:46 DONE gpu0 8_e_PhysioNet-MI__eegnet__s0.sh rc=0 12.2 min
2026-10-01 07:20:02 DONE gpu5 8_e_PhysioNet-MI__eegnet__s1.sh rc=0 12.2 min
2026-10-01 07:22:48 DONE gpu7 8_e_PhysioNet-MI__eegnet__s2.sh rc=0 12.0 min
2026-10-01 07:23:01 DONE gpu2 8_e_PhysioNet-MI__eegnet__s3.sh rc=0 11.9 min
2026-10-01 07:23:02 DONE gpu3 8_e_PhysioNet-MI__eegnet__s4.sh rc=0 11.9 min
